Archive member included to satisfy reference by file (symbol)

/opt/local/avr-toolchain/bin/../lib/gcc/avr/10.1.0/../../../../avr/lib/avrxmega3/libm.a(addsf3.o)
                              main.o (__subsf3)
/opt/local/avr-toolchain/bin/../lib/gcc/avr/10.1.0/../../../../avr/lib/avrxmega3/libm.a(addsf3x.o)
                              /opt/local/avr-toolchain/bin/../lib/gcc/avr/10.1.0/../../../../avr/lib/avrxmega3/libm.a(addsf3.o) (__addsf3x)
/opt/local/avr-toolchain/bin/../lib/gcc/avr/10.1.0/../../../../avr/lib/avrxmega3/libm.a(divsf3.o)
                              main.o (__divsf3)
/opt/local/avr-toolchain/bin/../lib/gcc/avr/10.1.0/../../../../avr/lib/avrxmega3/libm.a(divsf3x.o)
                              /opt/local/avr-toolchain/bin/../lib/gcc/avr/10.1.0/../../../../avr/lib/avrxmega3/libm.a(divsf3.o) (__divsf3x)
/opt/local/avr-toolchain/bin/../lib/gcc/avr/10.1.0/../../../../avr/lib/avrxmega3/libm.a(fixunssfsi.o)
                              main.o (__fixunssfsi)
/opt/local/avr-toolchain/bin/../lib/gcc/avr/10.1.0/../../../../avr/lib/avrxmega3/libm.a(floatsisf.o)
                              main.o (__floatunsisf)
/opt/local/avr-toolchain/bin/../lib/gcc/avr/10.1.0/../../../../avr/lib/avrxmega3/libm.a(fp_inf.o)
                              /opt/local/avr-toolchain/bin/../lib/gcc/avr/10.1.0/../../../../avr/lib/avrxmega3/libm.a(addsf3x.o) (__fp_inf)
/opt/local/avr-toolchain/bin/../lib/gcc/avr/10.1.0/../../../../avr/lib/avrxmega3/libm.a(fp_nan.o)
                              /opt/local/avr-toolchain/bin/../lib/gcc/avr/10.1.0/../../../../avr/lib/avrxmega3/libm.a(addsf3x.o) (__fp_nan)
/opt/local/avr-toolchain/bin/../lib/gcc/avr/10.1.0/../../../../avr/lib/avrxmega3/libm.a(fp_pscA.o)
                              /opt/local/avr-toolchain/bin/../lib/gcc/avr/10.1.0/../../../../avr/lib/avrxmega3/libm.a(addsf3x.o) (__fp_pscA)
/opt/local/avr-toolchain/bin/../lib/gcc/avr/10.1.0/../../../../avr/lib/avrxmega3/libm.a(fp_pscB.o)
                              /opt/local/avr-toolchain/bin/../lib/gcc/avr/10.1.0/../../../../avr/lib/avrxmega3/libm.a(addsf3x.o) (__fp_pscB)
/opt/local/avr-toolchain/bin/../lib/gcc/avr/10.1.0/../../../../avr/lib/avrxmega3/libm.a(fp_round.o)
                              /opt/local/avr-toolchain/bin/../lib/gcc/avr/10.1.0/../../../../avr/lib/avrxmega3/libm.a(addsf3.o) (__fp_round)
/opt/local/avr-toolchain/bin/../lib/gcc/avr/10.1.0/../../../../avr/lib/avrxmega3/libm.a(fp_split3.o)
                              /opt/local/avr-toolchain/bin/../lib/gcc/avr/10.1.0/../../../../avr/lib/avrxmega3/libm.a(addsf3x.o) (__fp_split3)
/opt/local/avr-toolchain/bin/../lib/gcc/avr/10.1.0/../../../../avr/lib/avrxmega3/libm.a(fp_zero.o)
                              /opt/local/avr-toolchain/bin/../lib/gcc/avr/10.1.0/../../../../avr/lib/avrxmega3/libm.a(addsf3x.o) (__fp_zero)
/opt/local/avr-toolchain/bin/../lib/gcc/avr/10.1.0/../../../../avr/lib/avrxmega3/libm.a(mulsf3.o)
                              main.o (__mulsf3)
/opt/local/avr-toolchain/bin/../lib/gcc/avr/10.1.0/../../../../avr/lib/avrxmega3/libm.a(mulsf3x.o)
                              /opt/local/avr-toolchain/bin/../lib/gcc/avr/10.1.0/../../../../avr/lib/avrxmega3/libm.a(mulsf3.o) (__mulsf3x)
/opt/local/avr-toolchain/bin/../lib/gcc/avr/10.1.0/../../../../avr/lib/avrxmega3/libm.a(sqrt.o)
                              main.o (sqrt)
/opt/local/avr-toolchain/bin/../lib/gcc/avr/10.1.0/../../../../avr/lib/avrxmega3/libm.a(fp_mpack.o)
                              /opt/local/avr-toolchain/bin/../lib/gcc/avr/10.1.0/../../../../avr/lib/avrxmega3/libm.a(sqrt.o) (__fp_mpack)
/opt/local/avr-toolchain/bin/../lib/gcc/avr/10.1.0/../../../../avr/lib/avrxmega3/libm.a(fp_norm2.o)
                              /opt/local/avr-toolchain/bin/../lib/gcc/avr/10.1.0/../../../../avr/lib/avrxmega3/libm.a(sqrt.o) (__fp_norm2)
/opt/local/avr-toolchain/lib/gcc/avr/10.1.0/avrxmega3/libgcc.a(_mulsi3.o)
                              main.o (__mulsi3)
/opt/local/avr-toolchain/lib/gcc/avr/10.1.0/avrxmega3/libgcc.a(_udivmodhi4.o)
                              main.o (__udivmodhi4)
/opt/local/avr-toolchain/lib/gcc/avr/10.1.0/avrxmega3/libgcc.a(_exit.o)
                              /opt/local/avr-toolchain/lib/gcc/avr/10.1.0/avrxmega3/crtatmega4808.o (exit)
/opt/local/avr-toolchain/lib/gcc/avr/10.1.0/avrxmega3/libgcc.a(_copy_data.o)
                              main.o (__do_copy_data)
/opt/local/avr-toolchain/lib/gcc/avr/10.1.0/avrxmega3/libgcc.a(_clear_bss.o)
                              main.o (__do_clear_bss)
/opt/local/avr-toolchain/lib/gcc/avr/10.1.0/avrxmega3/libgcc.a(_umulhisi3.o)
                              main.o (__umulhisi3)
/opt/local/avr-toolchain/lib/gcc/avr/10.1.0/avrxmega3/libgcc.a(_muluhisi3.o)
                              /opt/local/avr-toolchain/lib/gcc/avr/10.1.0/avrxmega3/libgcc.a(_mulsi3.o) (__muluhisi3)
/opt/local/avr-toolchain/lib/gcc/avr/10.1.0/avrxmega3/libgcc.a(_ashrdi3.o)
                              main.o (__ashrdi3)
/opt/local/avr-toolchain/bin/../lib/gcc/avr/10.1.0/../../../../avr/lib/avrxmega3/libc.a(strtoul.o)
                              cmd.o (strtoul)
/opt/local/avr-toolchain/bin/../lib/gcc/avr/10.1.0/../../../../avr/lib/avrxmega3/libc.a(isspace.o)
                              /opt/local/avr-toolchain/bin/../lib/gcc/avr/10.1.0/../../../../avr/lib/avrxmega3/libc.a(strtoul.o) (isspace)
/opt/local/avr-toolchain/bin/../lib/gcc/avr/10.1.0/../../../../avr/lib/avrxmega3/libc.a(strtok.o)
                              cmd.o (strtok)
/opt/local/avr-toolchain/bin/../lib/gcc/avr/10.1.0/../../../../avr/lib/avrxmega3/libc.a(strchr.o)
                              cmd.o (strchr)
/opt/local/avr-toolchain/bin/../lib/gcc/avr/10.1.0/../../../../avr/lib/avrxmega3/libc.a(strcmp.o)
                              cmd.o (strcmp)
/opt/local/avr-toolchain/bin/../lib/gcc/avr/10.1.0/../../../../avr/lib/avrxmega3/libc.a(strtok_r.o)
                              /opt/local/avr-toolchain/bin/../lib/gcc/avr/10.1.0/../../../../avr/lib/avrxmega3/libc.a(strtok.o) (strtok_r)
/opt/local/avr-toolchain/bin/../lib/gcc/avr/10.1.0/../../../../avr/lib/avrxmega3/libc.a(iob.o)
                              uart.o (__iob)
/opt/local/avr-toolchain/bin/../lib/gcc/avr/10.1.0/../../../../avr/lib/avrxmega3/libc.a(printf.o)
                              main.o (printf)
/opt/local/avr-toolchain/bin/../lib/gcc/avr/10.1.0/../../../../avr/lib/avrxmega3/libc.a(puts.o)
                              main.o (puts)
/opt/local/avr-toolchain/bin/../lib/gcc/avr/10.1.0/../../../../avr/lib/avrxmega3/libc.a(snprintf.o)
                              uart.o (snprintf)
/opt/local/avr-toolchain/bin/../lib/gcc/avr/10.1.0/../../../../avr/lib/avrxmega3/libc.a(vfprintf_std.o)
                              /opt/local/avr-toolchain/bin/../lib/gcc/avr/10.1.0/../../../../avr/lib/avrxmega3/libc.a(printf.o) (vfprintf)
/opt/local/avr-toolchain/bin/../lib/gcc/avr/10.1.0/../../../../avr/lib/avrxmega3/libc.a(errno.o)
                              /opt/local/avr-toolchain/bin/../lib/gcc/avr/10.1.0/../../../../avr/lib/avrxmega3/libc.a(strtoul.o) (errno)
/opt/local/avr-toolchain/bin/../lib/gcc/avr/10.1.0/../../../../avr/lib/avrxmega3/libc.a(cty_isfalse.o)
                              /opt/local/avr-toolchain/bin/../lib/gcc/avr/10.1.0/../../../../avr/lib/avrxmega3/libc.a(isspace.o) (__ctype_isfalse)
/opt/local/avr-toolchain/bin/../lib/gcc/avr/10.1.0/../../../../avr/lib/avrxmega3/libc.a(strnlen_P.o)
                              /opt/local/avr-toolchain/bin/../lib/gcc/avr/10.1.0/../../../../avr/lib/avrxmega3/libc.a(vfprintf_std.o) (strnlen_P)
/opt/local/avr-toolchain/bin/../lib/gcc/avr/10.1.0/../../../../avr/lib/avrxmega3/libc.a(strnlen.o)
                              /opt/local/avr-toolchain/bin/../lib/gcc/avr/10.1.0/../../../../avr/lib/avrxmega3/libc.a(vfprintf_std.o) (strnlen)
/opt/local/avr-toolchain/bin/../lib/gcc/avr/10.1.0/../../../../avr/lib/avrxmega3/libc.a(fputc.o)
                              /opt/local/avr-toolchain/bin/../lib/gcc/avr/10.1.0/../../../../avr/lib/avrxmega3/libc.a(vfprintf_std.o) (fputc)
/opt/local/avr-toolchain/bin/../lib/gcc/avr/10.1.0/../../../../avr/lib/avrxmega3/libc.a(ultoa_invert.o)
                              /opt/local/avr-toolchain/bin/../lib/gcc/avr/10.1.0/../../../../avr/lib/avrxmega3/libc.a(vfprintf_std.o) (__ultoa_invert)
/opt/local/avr-toolchain/lib/gcc/avr/10.1.0/avrxmega3/libgcc.a(_udivmodsi4.o)
                              /opt/local/avr-toolchain/bin/../lib/gcc/avr/10.1.0/../../../../avr/lib/avrxmega3/libc.a(strtoul.o) (__udivmodsi4)
/opt/local/avr-toolchain/lib/gcc/avr/10.1.0/avrxmega3/libgcc.a(_prologue.o)
                              /opt/local/avr-toolchain/bin/../lib/gcc/avr/10.1.0/../../../../avr/lib/avrxmega3/libc.a(strtoul.o) (__prologue_saves__)
/opt/local/avr-toolchain/lib/gcc/avr/10.1.0/avrxmega3/libgcc.a(_epilogue.o)
                              /opt/local/avr-toolchain/bin/../lib/gcc/avr/10.1.0/../../../../avr/lib/avrxmega3/libc.a(strtoul.o) (__epilogue_restores__)

Discarded input sections

 .data          0x0000000000000000        0x0 /opt/local/avr-toolchain/lib/gcc/avr/10.1.0/avrxmega3/crtatmega4808.o
 .bss           0x0000000000000000        0x0 /opt/local/avr-toolchain/lib/gcc/avr/10.1.0/avrxmega3/crtatmega4808.o
 .text          0x0000000000000000        0x0 main.o
 .data          0x0000000000000000        0x0 main.o
 .bss           0x0000000000000000        0x0 main.o
 .text.pwm_set_duty_cycle
                0x0000000000000000       0x94 main.o
 .text.set_current
                0x0000000000000000       0x44 main.o
 .text.toggle_access
                0x0000000000000000       0x24 main.o
 .bss.txbuffer  0x0000000000000000       0x42 main.o
 .bss.idx       0x0000000000000000        0x1 main.o
 .bss.rxflag    0x0000000000000000        0x1 main.o
 .bss.input     0x0000000000000000       0x40 main.o
 .bss.mstime    0x0000000000000000        0x2 main.o
 .bss.access_lock
                0x0000000000000000        0x1 main.o
 .text          0x0000000000000000        0x0 cmd.o
 .data          0x0000000000000000        0x0 cmd.o
 .bss           0x0000000000000000        0x0 cmd.o
 .text          0x0000000000000000        0x0 uart.o
 .data          0x0000000000000000        0x0 uart.o
 .bss           0x0000000000000000        0x0 uart.o
 .text.uart0_printChar
                0x0000000000000000       0x12 uart.o
 .text.uart1_sendChar
                0x0000000000000000       0x22 uart.o
 .text.uart_init
                0x0000000000000000       0x58 uart.o
 .text.uart0_readLoop
                0x0000000000000000       0x38 uart.o
 .text.uart1_printChar
                0x0000000000000000        0xa uart.o
 .text.uart1_sendString
                0x0000000000000000       0x46 uart.o
 .text.uart1_readLine
                0x0000000000000000       0x5a uart.o
 .data.uart0_stream
                0x0000000000000000        0xe uart.o
 .text          0x0000000000000000        0x0 /opt/local/avr-toolchain/bin/../lib/gcc/avr/10.1.0/../../../../avr/lib/avrxmega3/libm.a(addsf3.o)
 .data          0x0000000000000000        0x0 /opt/local/avr-toolchain/bin/../lib/gcc/avr/10.1.0/../../../../avr/lib/avrxmega3/libm.a(addsf3.o)
 .bss           0x0000000000000000        0x0 /opt/local/avr-toolchain/bin/../lib/gcc/avr/10.1.0/../../../../avr/lib/avrxmega3/libm.a(addsf3.o)
 .text          0x0000000000000000        0x0 /opt/local/avr-toolchain/bin/../lib/gcc/avr/10.1.0/../../../../avr/lib/avrxmega3/libm.a(addsf3x.o)
 .data          0x0000000000000000        0x0 /opt/local/avr-toolchain/bin/../lib/gcc/avr/10.1.0/../../../../avr/lib/avrxmega3/libm.a(addsf3x.o)
 .bss           0x0000000000000000        0x0 /opt/local/avr-toolchain/bin/../lib/gcc/avr/10.1.0/../../../../avr/lib/avrxmega3/libm.a(addsf3x.o)
 .text          0x0000000000000000        0x0 /opt/local/avr-toolchain/bin/../lib/gcc/avr/10.1.0/../../../../avr/lib/avrxmega3/libm.a(divsf3.o)
 .data          0x0000000000000000        0x0 /opt/local/avr-toolchain/bin/../lib/gcc/avr/10.1.0/../../../../avr/lib/avrxmega3/libm.a(divsf3.o)
 .bss           0x0000000000000000        0x0 /opt/local/avr-toolchain/bin/../lib/gcc/avr/10.1.0/../../../../avr/lib/avrxmega3/libm.a(divsf3.o)
 .text          0x0000000000000000        0x0 /opt/local/avr-toolchain/bin/../lib/gcc/avr/10.1.0/../../../../avr/lib/avrxmega3/libm.a(divsf3x.o)
 .data          0x0000000000000000        0x0 /opt/local/avr-toolchain/bin/../lib/gcc/avr/10.1.0/../../../../avr/lib/avrxmega3/libm.a(divsf3x.o)
 .bss           0x0000000000000000        0x0 /opt/local/avr-toolchain/bin/../lib/gcc/avr/10.1.0/../../../../avr/lib/avrxmega3/libm.a(divsf3x.o)
 .text          0x0000000000000000        0x0 /opt/local/avr-toolchain/bin/../lib/gcc/avr/10.1.0/../../../../avr/lib/avrxmega3/libm.a(fixunssfsi.o)
 .data          0x0000000000000000        0x0 /opt/local/avr-toolchain/bin/../lib/gcc/avr/10.1.0/../../../../avr/lib/avrxmega3/libm.a(fixunssfsi.o)
 .bss           0x0000000000000000        0x0 /opt/local/avr-toolchain/bin/../lib/gcc/avr/10.1.0/../../../../avr/lib/avrxmega3/libm.a(fixunssfsi.o)
 .text          0x0000000000000000        0x0 /opt/local/avr-toolchain/bin/../lib/gcc/avr/10.1.0/../../../../avr/lib/avrxmega3/libm.a(floatsisf.o)
 .data          0x0000000000000000        0x0 /opt/local/avr-toolchain/bin/../lib/gcc/avr/10.1.0/../../../../avr/lib/avrxmega3/libm.a(floatsisf.o)
 .bss           0x0000000000000000        0x0 /opt/local/avr-toolchain/bin/../lib/gcc/avr/10.1.0/../../../../avr/lib/avrxmega3/libm.a(floatsisf.o)
 .text          0x0000000000000000        0x0 /opt/local/avr-toolchain/bin/../lib/gcc/avr/10.1.0/../../../../avr/lib/avrxmega3/libm.a(fp_inf.o)
 .data          0x0000000000000000        0x0 /opt/local/avr-toolchain/bin/../lib/gcc/avr/10.1.0/../../../../avr/lib/avrxmega3/libm.a(fp_inf.o)
 .bss           0x0000000000000000        0x0 /opt/local/avr-toolchain/bin/../lib/gcc/avr/10.1.0/../../../../avr/lib/avrxmega3/libm.a(fp_inf.o)
 .text          0x0000000000000000        0x0 /opt/local/avr-toolchain/bin/../lib/gcc/avr/10.1.0/../../../../avr/lib/avrxmega3/libm.a(fp_nan.o)
 .data          0x0000000000000000        0x0 /opt/local/avr-toolchain/bin/../lib/gcc/avr/10.1.0/../../../../avr/lib/avrxmega3/libm.a(fp_nan.o)
 .bss           0x0000000000000000        0x0 /opt/local/avr-toolchain/bin/../lib/gcc/avr/10.1.0/../../../../avr/lib/avrxmega3/libm.a(fp_nan.o)
 .text          0x0000000000000000        0x0 /opt/local/avr-toolchain/bin/../lib/gcc/avr/10.1.0/../../../../avr/lib/avrxmega3/libm.a(fp_pscA.o)
 .data          0x0000000000000000        0x0 /opt/local/avr-toolchain/bin/../lib/gcc/avr/10.1.0/../../../../avr/lib/avrxmega3/libm.a(fp_pscA.o)
 .bss           0x0000000000000000        0x0 /opt/local/avr-toolchain/bin/../lib/gcc/avr/10.1.0/../../../../avr/lib/avrxmega3/libm.a(fp_pscA.o)
 .text          0x0000000000000000        0x0 /opt/local/avr-toolchain/bin/../lib/gcc/avr/10.1.0/../../../../avr/lib/avrxmega3/libm.a(fp_pscB.o)
 .data          0x0000000000000000        0x0 /opt/local/avr-toolchain/bin/../lib/gcc/avr/10.1.0/../../../../avr/lib/avrxmega3/libm.a(fp_pscB.o)
 .bss           0x0000000000000000        0x0 /opt/local/avr-toolchain/bin/../lib/gcc/avr/10.1.0/../../../../avr/lib/avrxmega3/libm.a(fp_pscB.o)
 .text          0x0000000000000000        0x0 /opt/local/avr-toolchain/bin/../lib/gcc/avr/10.1.0/../../../../avr/lib/avrxmega3/libm.a(fp_round.o)
 .data          0x0000000000000000        0x0 /opt/local/avr-toolchain/bin/../lib/gcc/avr/10.1.0/../../../../avr/lib/avrxmega3/libm.a(fp_round.o)
 .bss           0x0000000000000000        0x0 /opt/local/avr-toolchain/bin/../lib/gcc/avr/10.1.0/../../../../avr/lib/avrxmega3/libm.a(fp_round.o)
 .text          0x0000000000000000        0x0 /opt/local/avr-toolchain/bin/../lib/gcc/avr/10.1.0/../../../../avr/lib/avrxmega3/libm.a(fp_split3.o)
 .data          0x0000000000000000        0x0 /opt/local/avr-toolchain/bin/../lib/gcc/avr/10.1.0/../../../../avr/lib/avrxmega3/libm.a(fp_split3.o)
 .bss           0x0000000000000000        0x0 /opt/local/avr-toolchain/bin/../lib/gcc/avr/10.1.0/../../../../avr/lib/avrxmega3/libm.a(fp_split3.o)
 .text          0x0000000000000000        0x0 /opt/local/avr-toolchain/bin/../lib/gcc/avr/10.1.0/../../../../avr/lib/avrxmega3/libm.a(fp_zero.o)
 .data          0x0000000000000000        0x0 /opt/local/avr-toolchain/bin/../lib/gcc/avr/10.1.0/../../../../avr/lib/avrxmega3/libm.a(fp_zero.o)
 .bss           0x0000000000000000        0x0 /opt/local/avr-toolchain/bin/../lib/gcc/avr/10.1.0/../../../../avr/lib/avrxmega3/libm.a(fp_zero.o)
 .text          0x0000000000000000        0x0 /opt/local/avr-toolchain/bin/../lib/gcc/avr/10.1.0/../../../../avr/lib/avrxmega3/libm.a(mulsf3.o)
 .data          0x0000000000000000        0x0 /opt/local/avr-toolchain/bin/../lib/gcc/avr/10.1.0/../../../../avr/lib/avrxmega3/libm.a(mulsf3.o)
 .bss           0x0000000000000000        0x0 /opt/local/avr-toolchain/bin/../lib/gcc/avr/10.1.0/../../../../avr/lib/avrxmega3/libm.a(mulsf3.o)
 .text          0x0000000000000000        0x0 /opt/local/avr-toolchain/bin/../lib/gcc/avr/10.1.0/../../../../avr/lib/avrxmega3/libm.a(mulsf3x.o)
 .data          0x0000000000000000        0x0 /opt/local/avr-toolchain/bin/../lib/gcc/avr/10.1.0/../../../../avr/lib/avrxmega3/libm.a(mulsf3x.o)
 .bss           0x0000000000000000        0x0 /opt/local/avr-toolchain/bin/../lib/gcc/avr/10.1.0/../../../../avr/lib/avrxmega3/libm.a(mulsf3x.o)
 .text          0x0000000000000000        0x0 /opt/local/avr-toolchain/bin/../lib/gcc/avr/10.1.0/../../../../avr/lib/avrxmega3/libm.a(sqrt.o)
 .data          0x0000000000000000        0x0 /opt/local/avr-toolchain/bin/../lib/gcc/avr/10.1.0/../../../../avr/lib/avrxmega3/libm.a(sqrt.o)
 .bss           0x0000000000000000        0x0 /opt/local/avr-toolchain/bin/../lib/gcc/avr/10.1.0/../../../../avr/lib/avrxmega3/libm.a(sqrt.o)
 .text          0x0000000000000000        0x0 /opt/local/avr-toolchain/bin/../lib/gcc/avr/10.1.0/../../../../avr/lib/avrxmega3/libm.a(fp_mpack.o)
 .data          0x0000000000000000        0x0 /opt/local/avr-toolchain/bin/../lib/gcc/avr/10.1.0/../../../../avr/lib/avrxmega3/libm.a(fp_mpack.o)
 .bss           0x0000000000000000        0x0 /opt/local/avr-toolchain/bin/../lib/gcc/avr/10.1.0/../../../../avr/lib/avrxmega3/libm.a(fp_mpack.o)
 .text          0x0000000000000000        0x0 /opt/local/avr-toolchain/bin/../lib/gcc/avr/10.1.0/../../../../avr/lib/avrxmega3/libm.a(fp_norm2.o)
 .data          0x0000000000000000        0x0 /opt/local/avr-toolchain/bin/../lib/gcc/avr/10.1.0/../../../../avr/lib/avrxmega3/libm.a(fp_norm2.o)
 .bss           0x0000000000000000        0x0 /opt/local/avr-toolchain/bin/../lib/gcc/avr/10.1.0/../../../../avr/lib/avrxmega3/libm.a(fp_norm2.o)
 .text          0x0000000000000000        0x0 /opt/local/avr-toolchain/lib/gcc/avr/10.1.0/avrxmega3/libgcc.a(_mulsi3.o)
 .data          0x0000000000000000        0x0 /opt/local/avr-toolchain/lib/gcc/avr/10.1.0/avrxmega3/libgcc.a(_mulsi3.o)
 .bss           0x0000000000000000        0x0 /opt/local/avr-toolchain/lib/gcc/avr/10.1.0/avrxmega3/libgcc.a(_mulsi3.o)
 .text.libgcc.div
                0x0000000000000000        0x0 /opt/local/avr-toolchain/lib/gcc/avr/10.1.0/avrxmega3/libgcc.a(_mulsi3.o)
 .text.libgcc   0x0000000000000000        0x0 /opt/local/avr-toolchain/lib/gcc/avr/10.1.0/avrxmega3/libgcc.a(_mulsi3.o)
 .text.libgcc.prologue
                0x0000000000000000        0x0 /opt/local/avr-toolchain/lib/gcc/avr/10.1.0/avrxmega3/libgcc.a(_mulsi3.o)
 .text.libgcc.builtins
                0x0000000000000000        0x0 /opt/local/avr-toolchain/lib/gcc/avr/10.1.0/avrxmega3/libgcc.a(_mulsi3.o)
 .text.libgcc.fmul
                0x0000000000000000        0x0 /opt/local/avr-toolchain/lib/gcc/avr/10.1.0/avrxmega3/libgcc.a(_mulsi3.o)
 .text.libgcc.fixed
                0x0000000000000000        0x0 /opt/local/avr-toolchain/lib/gcc/avr/10.1.0/avrxmega3/libgcc.a(_mulsi3.o)
 .text          0x0000000000000000        0x0 /opt/local/avr-toolchain/lib/gcc/avr/10.1.0/avrxmega3/libgcc.a(_udivmodhi4.o)
 .data          0x0000000000000000        0x0 /opt/local/avr-toolchain/lib/gcc/avr/10.1.0/avrxmega3/libgcc.a(_udivmodhi4.o)
 .bss           0x0000000000000000        0x0 /opt/local/avr-toolchain/lib/gcc/avr/10.1.0/avrxmega3/libgcc.a(_udivmodhi4.o)
 .text.libgcc.mul
                0x0000000000000000        0x0 /opt/local/avr-toolchain/lib/gcc/avr/10.1.0/avrxmega3/libgcc.a(_udivmodhi4.o)
 .text.libgcc.div
                0x0000000000000000       0x28 /opt/local/avr-toolchain/lib/gcc/avr/10.1.0/avrxmega3/libgcc.a(_udivmodhi4.o)
 .text.libgcc   0x0000000000000000        0x0 /opt/local/avr-toolchain/lib/gcc/avr/10.1.0/avrxmega3/libgcc.a(_udivmodhi4.o)
 .text.libgcc.prologue
                0x0000000000000000        0x0 /opt/local/avr-toolchain/lib/gcc/avr/10.1.0/avrxmega3/libgcc.a(_udivmodhi4.o)
 .text.libgcc.builtins
                0x0000000000000000        0x0 /opt/local/avr-toolchain/lib/gcc/avr/10.1.0/avrxmega3/libgcc.a(_udivmodhi4.o)
 .text.libgcc.fmul
                0x0000000000000000        0x0 /opt/local/avr-toolchain/lib/gcc/avr/10.1.0/avrxmega3/libgcc.a(_udivmodhi4.o)
 .text.libgcc.fixed
                0x0000000000000000        0x0 /opt/local/avr-toolchain/lib/gcc/avr/10.1.0/avrxmega3/libgcc.a(_udivmodhi4.o)
 .debug_line    0x0000000000000000       0xcd /opt/local/avr-toolchain/lib/gcc/avr/10.1.0/avrxmega3/libgcc.a(_udivmodhi4.o)
 .debug_info    0x0000000000000000       0x26 /opt/local/avr-toolchain/lib/gcc/avr/10.1.0/avrxmega3/libgcc.a(_udivmodhi4.o)
 .debug_abbrev  0x0000000000000000       0x14 /opt/local/avr-toolchain/lib/gcc/avr/10.1.0/avrxmega3/libgcc.a(_udivmodhi4.o)
 .debug_aranges
                0x0000000000000000       0x20 /opt/local/avr-toolchain/lib/gcc/avr/10.1.0/avrxmega3/libgcc.a(_udivmodhi4.o)
 .debug_str     0x0000000000000000       0x75 /opt/local/avr-toolchain/lib/gcc/avr/10.1.0/avrxmega3/libgcc.a(_udivmodhi4.o)
 .text          0x0000000000000000        0x0 /opt/local/avr-toolchain/lib/gcc/avr/10.1.0/avrxmega3/libgcc.a(_exit.o)
 .data          0x0000000000000000        0x0 /opt/local/avr-toolchain/lib/gcc/avr/10.1.0/avrxmega3/libgcc.a(_exit.o)
 .bss           0x0000000000000000        0x0 /opt/local/avr-toolchain/lib/gcc/avr/10.1.0/avrxmega3/libgcc.a(_exit.o)
 .text.libgcc.mul
                0x0000000000000000        0x0 /opt/local/avr-toolchain/lib/gcc/avr/10.1.0/avrxmega3/libgcc.a(_exit.o)
 .text.libgcc.div
                0x0000000000000000        0x0 /opt/local/avr-toolchain/lib/gcc/avr/10.1.0/avrxmega3/libgcc.a(_exit.o)
 .text.libgcc   0x0000000000000000        0x0 /opt/local/avr-toolchain/lib/gcc/avr/10.1.0/avrxmega3/libgcc.a(_exit.o)
 .text.libgcc.prologue
                0x0000000000000000        0x0 /opt/local/avr-toolchain/lib/gcc/avr/10.1.0/avrxmega3/libgcc.a(_exit.o)
 .text.libgcc.builtins
                0x0000000000000000        0x0 /opt/local/avr-toolchain/lib/gcc/avr/10.1.0/avrxmega3/libgcc.a(_exit.o)
 .text.libgcc.fmul
                0x0000000000000000        0x0 /opt/local/avr-toolchain/lib/gcc/avr/10.1.0/avrxmega3/libgcc.a(_exit.o)
 .text.libgcc.fixed
                0x0000000000000000        0x0 /opt/local/avr-toolchain/lib/gcc/avr/10.1.0/avrxmega3/libgcc.a(_exit.o)
 .text          0x0000000000000000        0x0 /opt/local/avr-toolchain/lib/gcc/avr/10.1.0/avrxmega3/libgcc.a(_copy_data.o)
 .data          0x0000000000000000        0x0 /opt/local/avr-toolchain/lib/gcc/avr/10.1.0/avrxmega3/libgcc.a(_copy_data.o)
 .bss           0x0000000000000000        0x0 /opt/local/avr-toolchain/lib/gcc/avr/10.1.0/avrxmega3/libgcc.a(_copy_data.o)
 .text.libgcc.mul
                0x0000000000000000        0x0 /opt/local/avr-toolchain/lib/gcc/avr/10.1.0/avrxmega3/libgcc.a(_copy_data.o)
 .text.libgcc.div
                0x0000000000000000        0x0 /opt/local/avr-toolchain/lib/gcc/avr/10.1.0/avrxmega3/libgcc.a(_copy_data.o)
 .text.libgcc   0x0000000000000000        0x0 /opt/local/avr-toolchain/lib/gcc/avr/10.1.0/avrxmega3/libgcc.a(_copy_data.o)
 .text.libgcc.prologue
                0x0000000000000000        0x0 /opt/local/avr-toolchain/lib/gcc/avr/10.1.0/avrxmega3/libgcc.a(_copy_data.o)
 .text.libgcc.builtins
                0x0000000000000000        0x0 /opt/local/avr-toolchain/lib/gcc/avr/10.1.0/avrxmega3/libgcc.a(_copy_data.o)
 .text.libgcc.fmul
                0x0000000000000000        0x0 /opt/local/avr-toolchain/lib/gcc/avr/10.1.0/avrxmega3/libgcc.a(_copy_data.o)
 .text.libgcc.fixed
                0x0000000000000000        0x0 /opt/local/avr-toolchain/lib/gcc/avr/10.1.0/avrxmega3/libgcc.a(_copy_data.o)
 .text          0x0000000000000000        0x0 /opt/local/avr-toolchain/lib/gcc/avr/10.1.0/avrxmega3/libgcc.a(_clear_bss.o)
 .data          0x0000000000000000        0x0 /opt/local/avr-toolchain/lib/gcc/avr/10.1.0/avrxmega3/libgcc.a(_clear_bss.o)
 .bss           0x0000000000000000        0x0 /opt/local/avr-toolchain/lib/gcc/avr/10.1.0/avrxmega3/libgcc.a(_clear_bss.o)
 .text.libgcc.mul
                0x0000000000000000        0x0 /opt/local/avr-toolchain/lib/gcc/avr/10.1.0/avrxmega3/libgcc.a(_clear_bss.o)
 .text.libgcc.div
                0x0000000000000000        0x0 /opt/local/avr-toolchain/lib/gcc/avr/10.1.0/avrxmega3/libgcc.a(_clear_bss.o)
 .text.libgcc   0x0000000000000000        0x0 /opt/local/avr-toolchain/lib/gcc/avr/10.1.0/avrxmega3/libgcc.a(_clear_bss.o)
 .text.libgcc.prologue
                0x0000000000000000        0x0 /opt/local/avr-toolchain/lib/gcc/avr/10.1.0/avrxmega3/libgcc.a(_clear_bss.o)
 .text.libgcc.builtins
                0x0000000000000000        0x0 /opt/local/avr-toolchain/lib/gcc/avr/10.1.0/avrxmega3/libgcc.a(_clear_bss.o)
 .text.libgcc.fmul
                0x0000000000000000        0x0 /opt/local/avr-toolchain/lib/gcc/avr/10.1.0/avrxmega3/libgcc.a(_clear_bss.o)
 .text.libgcc.fixed
                0x0000000000000000        0x0 /opt/local/avr-toolchain/lib/gcc/avr/10.1.0/avrxmega3/libgcc.a(_clear_bss.o)
 .text          0x0000000000000000        0x0 /opt/local/avr-toolchain/lib/gcc/avr/10.1.0/avrxmega3/libgcc.a(_umulhisi3.o)
 .data          0x0000000000000000        0x0 /opt/local/avr-toolchain/lib/gcc/avr/10.1.0/avrxmega3/libgcc.a(_umulhisi3.o)
 .bss           0x0000000000000000        0x0 /opt/local/avr-toolchain/lib/gcc/avr/10.1.0/avrxmega3/libgcc.a(_umulhisi3.o)
 .text.libgcc.div
                0x0000000000000000        0x0 /opt/local/avr-toolchain/lib/gcc/avr/10.1.0/avrxmega3/libgcc.a(_umulhisi3.o)
 .text.libgcc   0x0000000000000000        0x0 /opt/local/avr-toolchain/lib/gcc/avr/10.1.0/avrxmega3/libgcc.a(_umulhisi3.o)
 .text.libgcc.prologue
                0x0000000000000000        0x0 /opt/local/avr-toolchain/lib/gcc/avr/10.1.0/avrxmega3/libgcc.a(_umulhisi3.o)
 .text.libgcc.builtins
                0x0000000000000000        0x0 /opt/local/avr-toolchain/lib/gcc/avr/10.1.0/avrxmega3/libgcc.a(_umulhisi3.o)
 .text.libgcc.fmul
                0x0000000000000000        0x0 /opt/local/avr-toolchain/lib/gcc/avr/10.1.0/avrxmega3/libgcc.a(_umulhisi3.o)
 .text.libgcc.fixed
                0x0000000000000000        0x0 /opt/local/avr-toolchain/lib/gcc/avr/10.1.0/avrxmega3/libgcc.a(_umulhisi3.o)
 .text          0x0000000000000000        0x0 /opt/local/avr-toolchain/lib/gcc/avr/10.1.0/avrxmega3/libgcc.a(_muluhisi3.o)
 .data          0x0000000000000000        0x0 /opt/local/avr-toolchain/lib/gcc/avr/10.1.0/avrxmega3/libgcc.a(_muluhisi3.o)
 .bss           0x0000000000000000        0x0 /opt/local/avr-toolchain/lib/gcc/avr/10.1.0/avrxmega3/libgcc.a(_muluhisi3.o)
 .text.libgcc.div
                0x0000000000000000        0x0 /opt/local/avr-toolchain/lib/gcc/avr/10.1.0/avrxmega3/libgcc.a(_muluhisi3.o)
 .text.libgcc   0x0000000000000000        0x0 /opt/local/avr-toolchain/lib/gcc/avr/10.1.0/avrxmega3/libgcc.a(_muluhisi3.o)
 .text.libgcc.prologue
                0x0000000000000000        0x0 /opt/local/avr-toolchain/lib/gcc/avr/10.1.0/avrxmega3/libgcc.a(_muluhisi3.o)
 .text.libgcc.builtins
                0x0000000000000000        0x0 /opt/local/avr-toolchain/lib/gcc/avr/10.1.0/avrxmega3/libgcc.a(_muluhisi3.o)
 .text.libgcc.fmul
                0x0000000000000000        0x0 /opt/local/avr-toolchain/lib/gcc/avr/10.1.0/avrxmega3/libgcc.a(_muluhisi3.o)
 .text.libgcc.fixed
                0x0000000000000000        0x0 /opt/local/avr-toolchain/lib/gcc/avr/10.1.0/avrxmega3/libgcc.a(_muluhisi3.o)
 .text          0x0000000000000000        0x0 /opt/local/avr-toolchain/lib/gcc/avr/10.1.0/avrxmega3/libgcc.a(_ashrdi3.o)
 .data          0x0000000000000000        0x0 /opt/local/avr-toolchain/lib/gcc/avr/10.1.0/avrxmega3/libgcc.a(_ashrdi3.o)
 .bss           0x0000000000000000        0x0 /opt/local/avr-toolchain/lib/gcc/avr/10.1.0/avrxmega3/libgcc.a(_ashrdi3.o)
 .text.libgcc.mul
                0x0000000000000000        0x0 /opt/local/avr-toolchain/lib/gcc/avr/10.1.0/avrxmega3/libgcc.a(_ashrdi3.o)
 .text.libgcc.div
                0x0000000000000000        0x0 /opt/local/avr-toolchain/lib/gcc/avr/10.1.0/avrxmega3/libgcc.a(_ashrdi3.o)
 .text.libgcc   0x0000000000000000        0x0 /opt/local/avr-toolchain/lib/gcc/avr/10.1.0/avrxmega3/libgcc.a(_ashrdi3.o)
 .text.libgcc.prologue
                0x0000000000000000        0x0 /opt/local/avr-toolchain/lib/gcc/avr/10.1.0/avrxmega3/libgcc.a(_ashrdi3.o)
 .text.libgcc.fmul
                0x0000000000000000        0x0 /opt/local/avr-toolchain/lib/gcc/avr/10.1.0/avrxmega3/libgcc.a(_ashrdi3.o)
 .text.libgcc.fixed
                0x0000000000000000        0x0 /opt/local/avr-toolchain/lib/gcc/avr/10.1.0/avrxmega3/libgcc.a(_ashrdi3.o)
 .text          0x0000000000000000        0x0 /opt/local/avr-toolchain/bin/../lib/gcc/avr/10.1.0/../../../../avr/lib/avrxmega3/libc.a(strtoul.o)
 .data          0x0000000000000000        0x0 /opt/local/avr-toolchain/bin/../lib/gcc/avr/10.1.0/../../../../avr/lib/avrxmega3/libc.a(strtoul.o)
 .bss           0x0000000000000000        0x0 /opt/local/avr-toolchain/bin/../lib/gcc/avr/10.1.0/../../../../avr/lib/avrxmega3/libc.a(strtoul.o)
 .text          0x0000000000000000        0x0 /opt/local/avr-toolchain/bin/../lib/gcc/avr/10.1.0/../../../../avr/lib/avrxmega3/libc.a(isspace.o)
 .data          0x0000000000000000        0x0 /opt/local/avr-toolchain/bin/../lib/gcc/avr/10.1.0/../../../../avr/lib/avrxmega3/libc.a(isspace.o)
 .bss           0x0000000000000000        0x0 /opt/local/avr-toolchain/bin/../lib/gcc/avr/10.1.0/../../../../avr/lib/avrxmega3/libc.a(isspace.o)
 .text          0x0000000000000000        0x0 /opt/local/avr-toolchain/bin/../lib/gcc/avr/10.1.0/../../../../avr/lib/avrxmega3/libc.a(strtok.o)
 .data          0x0000000000000000        0x0 /opt/local/avr-toolchain/bin/../lib/gcc/avr/10.1.0/../../../../avr/lib/avrxmega3/libc.a(strtok.o)
 .text          0x0000000000000000        0x0 /opt/local/avr-toolchain/bin/../lib/gcc/avr/10.1.0/../../../../avr/lib/avrxmega3/libc.a(strchr.o)
 .data          0x0000000000000000        0x0 /opt/local/avr-toolchain/bin/../lib/gcc/avr/10.1.0/../../../../avr/lib/avrxmega3/libc.a(strchr.o)
 .bss           0x0000000000000000        0x0 /opt/local/avr-toolchain/bin/../lib/gcc/avr/10.1.0/../../../../avr/lib/avrxmega3/libc.a(strchr.o)
 .text          0x0000000000000000        0x0 /opt/local/avr-toolchain/bin/../lib/gcc/avr/10.1.0/../../../../avr/lib/avrxmega3/libc.a(strcmp.o)
 .data          0x0000000000000000        0x0 /opt/local/avr-toolchain/bin/../lib/gcc/avr/10.1.0/../../../../avr/lib/avrxmega3/libc.a(strcmp.o)
 .bss           0x0000000000000000        0x0 /opt/local/avr-toolchain/bin/../lib/gcc/avr/10.1.0/../../../../avr/lib/avrxmega3/libc.a(strcmp.o)
 .text          0x0000000000000000        0x0 /opt/local/avr-toolchain/bin/../lib/gcc/avr/10.1.0/../../../../avr/lib/avrxmega3/libc.a(strtok_r.o)
 .data          0x0000000000000000        0x0 /opt/local/avr-toolchain/bin/../lib/gcc/avr/10.1.0/../../../../avr/lib/avrxmega3/libc.a(strtok_r.o)
 .bss           0x0000000000000000        0x0 /opt/local/avr-toolchain/bin/../lib/gcc/avr/10.1.0/../../../../avr/lib/avrxmega3/libc.a(strtok_r.o)
 .text          0x0000000000000000        0x0 /opt/local/avr-toolchain/bin/../lib/gcc/avr/10.1.0/../../../../avr/lib/avrxmega3/libc.a(iob.o)
 .data          0x0000000000000000        0x0 /opt/local/avr-toolchain/bin/../lib/gcc/avr/10.1.0/../../../../avr/lib/avrxmega3/libc.a(iob.o)
 .text          0x0000000000000000        0x0 /opt/local/avr-toolchain/bin/../lib/gcc/avr/10.1.0/../../../../avr/lib/avrxmega3/libc.a(printf.o)
 .data          0x0000000000000000        0x0 /opt/local/avr-toolchain/bin/../lib/gcc/avr/10.1.0/../../../../avr/lib/avrxmega3/libc.a(printf.o)
 .bss           0x0000000000000000        0x0 /opt/local/avr-toolchain/bin/../lib/gcc/avr/10.1.0/../../../../avr/lib/avrxmega3/libc.a(printf.o)
 .text          0x0000000000000000        0x0 /opt/local/avr-toolchain/bin/../lib/gcc/avr/10.1.0/../../../../avr/lib/avrxmega3/libc.a(puts.o)
 .data          0x0000000000000000        0x0 /opt/local/avr-toolchain/bin/../lib/gcc/avr/10.1.0/../../../../avr/lib/avrxmega3/libc.a(puts.o)
 .bss           0x0000000000000000        0x0 /opt/local/avr-toolchain/bin/../lib/gcc/avr/10.1.0/../../../../avr/lib/avrxmega3/libc.a(puts.o)
 .text          0x0000000000000000        0x0 /opt/local/avr-toolchain/bin/../lib/gcc/avr/10.1.0/../../../../avr/lib/avrxmega3/libc.a(snprintf.o)
 .data          0x0000000000000000        0x0 /opt/local/avr-toolchain/bin/../lib/gcc/avr/10.1.0/../../../../avr/lib/avrxmega3/libc.a(snprintf.o)
 .bss           0x0000000000000000        0x0 /opt/local/avr-toolchain/bin/../lib/gcc/avr/10.1.0/../../../../avr/lib/avrxmega3/libc.a(snprintf.o)
 .text          0x0000000000000000        0x0 /opt/local/avr-toolchain/bin/../lib/gcc/avr/10.1.0/../../../../avr/lib/avrxmega3/libc.a(vfprintf_std.o)
 .data          0x0000000000000000        0x0 /opt/local/avr-toolchain/bin/../lib/gcc/avr/10.1.0/../../../../avr/lib/avrxmega3/libc.a(vfprintf_std.o)
 .bss           0x0000000000000000        0x0 /opt/local/avr-toolchain/bin/../lib/gcc/avr/10.1.0/../../../../avr/lib/avrxmega3/libc.a(vfprintf_std.o)
 .text          0x0000000000000000        0x0 /opt/local/avr-toolchain/bin/../lib/gcc/avr/10.1.0/../../../../avr/lib/avrxmega3/libc.a(errno.o)
 .data          0x0000000000000000        0x0 /opt/local/avr-toolchain/bin/../lib/gcc/avr/10.1.0/../../../../avr/lib/avrxmega3/libc.a(errno.o)
 .text          0x0000000000000000        0x0 /opt/local/avr-toolchain/bin/../lib/gcc/avr/10.1.0/../../../../avr/lib/avrxmega3/libc.a(cty_isfalse.o)
 .data          0x0000000000000000        0x0 /opt/local/avr-toolchain/bin/../lib/gcc/avr/10.1.0/../../../../avr/lib/avrxmega3/libc.a(cty_isfalse.o)
 .bss           0x0000000000000000        0x0 /opt/local/avr-toolchain/bin/../lib/gcc/avr/10.1.0/../../../../avr/lib/avrxmega3/libc.a(cty_isfalse.o)
 .text          0x0000000000000000        0x0 /opt/local/avr-toolchain/bin/../lib/gcc/avr/10.1.0/../../../../avr/lib/avrxmega3/libc.a(strnlen_P.o)
 .data          0x0000000000000000        0x0 /opt/local/avr-toolchain/bin/../lib/gcc/avr/10.1.0/../../../../avr/lib/avrxmega3/libc.a(strnlen_P.o)
 .bss           0x0000000000000000        0x0 /opt/local/avr-toolchain/bin/../lib/gcc/avr/10.1.0/../../../../avr/lib/avrxmega3/libc.a(strnlen_P.o)
 .text          0x0000000000000000        0x0 /opt/local/avr-toolchain/bin/../lib/gcc/avr/10.1.0/../../../../avr/lib/avrxmega3/libc.a(strnlen.o)
 .data          0x0000000000000000        0x0 /opt/local/avr-toolchain/bin/../lib/gcc/avr/10.1.0/../../../../avr/lib/avrxmega3/libc.a(strnlen.o)
 .bss           0x0000000000000000        0x0 /opt/local/avr-toolchain/bin/../lib/gcc/avr/10.1.0/../../../../avr/lib/avrxmega3/libc.a(strnlen.o)
 .text          0x0000000000000000        0x0 /opt/local/avr-toolchain/bin/../lib/gcc/avr/10.1.0/../../../../avr/lib/avrxmega3/libc.a(fputc.o)
 .data          0x0000000000000000        0x0 /opt/local/avr-toolchain/bin/../lib/gcc/avr/10.1.0/../../../../avr/lib/avrxmega3/libc.a(fputc.o)
 .bss           0x0000000000000000        0x0 /opt/local/avr-toolchain/bin/../lib/gcc/avr/10.1.0/../../../../avr/lib/avrxmega3/libc.a(fputc.o)
 .text          0x0000000000000000        0x0 /opt/local/avr-toolchain/bin/../lib/gcc/avr/10.1.0/../../../../avr/lib/avrxmega3/libc.a(ultoa_invert.o)
 .data          0x0000000000000000        0x0 /opt/local/avr-toolchain/bin/../lib/gcc/avr/10.1.0/../../../../avr/lib/avrxmega3/libc.a(ultoa_invert.o)
 .bss           0x0000000000000000        0x0 /opt/local/avr-toolchain/bin/../lib/gcc/avr/10.1.0/../../../../avr/lib/avrxmega3/libc.a(ultoa_invert.o)
 .text          0x0000000000000000        0x0 /opt/local/avr-toolchain/lib/gcc/avr/10.1.0/avrxmega3/libgcc.a(_udivmodsi4.o)
 .data          0x0000000000000000        0x0 /opt/local/avr-toolchain/lib/gcc/avr/10.1.0/avrxmega3/libgcc.a(_udivmodsi4.o)
 .bss           0x0000000000000000        0x0 /opt/local/avr-toolchain/lib/gcc/avr/10.1.0/avrxmega3/libgcc.a(_udivmodsi4.o)
 .text.libgcc.mul
                0x0000000000000000        0x0 /opt/local/avr-toolchain/lib/gcc/avr/10.1.0/avrxmega3/libgcc.a(_udivmodsi4.o)
 .text.libgcc   0x0000000000000000        0x0 /opt/local/avr-toolchain/lib/gcc/avr/10.1.0/avrxmega3/libgcc.a(_udivmodsi4.o)
 .text.libgcc.prologue
                0x0000000000000000        0x0 /opt/local/avr-toolchain/lib/gcc/avr/10.1.0/avrxmega3/libgcc.a(_udivmodsi4.o)
 .text.libgcc.builtins
                0x0000000000000000        0x0 /opt/local/avr-toolchain/lib/gcc/avr/10.1.0/avrxmega3/libgcc.a(_udivmodsi4.o)
 .text.libgcc.fmul
                0x0000000000000000        0x0 /opt/local/avr-toolchain/lib/gcc/avr/10.1.0/avrxmega3/libgcc.a(_udivmodsi4.o)
 .text.libgcc.fixed
                0x0000000000000000        0x0 /opt/local/avr-toolchain/lib/gcc/avr/10.1.0/avrxmega3/libgcc.a(_udivmodsi4.o)
 .text          0x0000000000000000        0x0 /opt/local/avr-toolchain/lib/gcc/avr/10.1.0/avrxmega3/libgcc.a(_prologue.o)
 .data          0x0000000000000000        0x0 /opt/local/avr-toolchain/lib/gcc/avr/10.1.0/avrxmega3/libgcc.a(_prologue.o)
 .bss           0x0000000000000000        0x0 /opt/local/avr-toolchain/lib/gcc/avr/10.1.0/avrxmega3/libgcc.a(_prologue.o)
 .text.libgcc.mul
                0x0000000000000000        0x0 /opt/local/avr-toolchain/lib/gcc/avr/10.1.0/avrxmega3/libgcc.a(_prologue.o)
 .text.libgcc.div
                0x0000000000000000        0x0 /opt/local/avr-toolchain/lib/gcc/avr/10.1.0/avrxmega3/libgcc.a(_prologue.o)
 .text.libgcc   0x0000000000000000        0x0 /opt/local/avr-toolchain/lib/gcc/avr/10.1.0/avrxmega3/libgcc.a(_prologue.o)
 .text.libgcc.builtins
                0x0000000000000000        0x0 /opt/local/avr-toolchain/lib/gcc/avr/10.1.0/avrxmega3/libgcc.a(_prologue.o)
 .text.libgcc.fmul
                0x0000000000000000        0x0 /opt/local/avr-toolchain/lib/gcc/avr/10.1.0/avrxmega3/libgcc.a(_prologue.o)
 .text.libgcc.fixed
                0x0000000000000000        0x0 /opt/local/avr-toolchain/lib/gcc/avr/10.1.0/avrxmega3/libgcc.a(_prologue.o)
 .text          0x0000000000000000        0x0 /opt/local/avr-toolchain/lib/gcc/avr/10.1.0/avrxmega3/libgcc.a(_epilogue.o)
 .data          0x0000000000000000        0x0 /opt/local/avr-toolchain/lib/gcc/avr/10.1.0/avrxmega3/libgcc.a(_epilogue.o)
 .bss           0x0000000000000000        0x0 /opt/local/avr-toolchain/lib/gcc/avr/10.1.0/avrxmega3/libgcc.a(_epilogue.o)
 .text.libgcc.mul
                0x0000000000000000        0x0 /opt/local/avr-toolchain/lib/gcc/avr/10.1.0/avrxmega3/libgcc.a(_epilogue.o)
 .text.libgcc.div
                0x0000000000000000        0x0 /opt/local/avr-toolchain/lib/gcc/avr/10.1.0/avrxmega3/libgcc.a(_epilogue.o)
 .text.libgcc   0x0000000000000000        0x0 /opt/local/avr-toolchain/lib/gcc/avr/10.1.0/avrxmega3/libgcc.a(_epilogue.o)
 .text.libgcc.builtins
                0x0000000000000000        0x0 /opt/local/avr-toolchain/lib/gcc/avr/10.1.0/avrxmega3/libgcc.a(_epilogue.o)
 .text.libgcc.fmul
                0x0000000000000000        0x0 /opt/local/avr-toolchain/lib/gcc/avr/10.1.0/avrxmega3/libgcc.a(_epilogue.o)
 .text.libgcc.fixed
                0x0000000000000000        0x0 /opt/local/avr-toolchain/lib/gcc/avr/10.1.0/avrxmega3/libgcc.a(_epilogue.o)

Memory Configuration

Name             Origin             Length             Attributes
text             0x0000000000000000 0x000000000000c000 xr
data             0x0000000000802000 0x0000000000001800 rw !x
eeprom           0x0000000000810000 0x0000000000000100 rw !x
fuse             0x0000000000820000 0x000000000000000a rw !x
lock             0x0000000000830000 0x0000000000000400 rw !x
signature        0x0000000000840000 0x0000000000000400 rw !x
user_signatures  0x0000000000850000 0x0000000000000400 rw !x
*default*        0x0000000000000000 0xffffffffffffffff

Linker script and memory map

Address of section .data set to 0x802800
                0x0000000000004000                __RODATA_PM_OFFSET__ = 0x4000
LOAD /opt/local/avr-toolchain/lib/gcc/avr/10.1.0/avrxmega3/crtatmega4808.o
LOAD main.o
LOAD cmd.o
LOAD uart.o
START GROUP
LOAD /opt/local/avr-toolchain/bin/../lib/gcc/avr/10.1.0/../../../../avr/lib/avrxmega3/libm.a
END GROUP
Address of section .text set to 0x200
START GROUP
LOAD /opt/local/avr-toolchain/lib/gcc/avr/10.1.0/avrxmega3/libgcc.a
LOAD /opt/local/avr-toolchain/bin/../lib/gcc/avr/10.1.0/../../../../avr/lib/avrxmega3/libm.a
LOAD /opt/local/avr-toolchain/bin/../lib/gcc/avr/10.1.0/../../../../avr/lib/avrxmega3/libc.a
LOAD /opt/local/avr-toolchain/lib/gcc/avr/10.1.0/avrxmega3/libatmega4808.a
END GROUP
                [0x000000000000c000]                __TEXT_REGION_LENGTH__ = DEFINED (__TEXT_REGION_LENGTH__)?__TEXT_REGION_LENGTH__:0x100000
                [0x0000000000001800]                __DATA_REGION_LENGTH__ = DEFINED (__DATA_REGION_LENGTH__)?__DATA_REGION_LENGTH__:0xffa0
                [0x0000000000000100]                __EEPROM_REGION_LENGTH__ = DEFINED (__EEPROM_REGION_LENGTH__)?__EEPROM_REGION_LENGTH__:0x10000
                [0x000000000000000a]                __FUSE_REGION_LENGTH__ = DEFINED (__FUSE_REGION_LENGTH__)?__FUSE_REGION_LENGTH__:0x400
                0x0000000000000400                __LOCK_REGION_LENGTH__ = DEFINED (__LOCK_REGION_LENGTH__)?__LOCK_REGION_LENGTH__:0x400
                0x0000000000000400                __SIGNATURE_REGION_LENGTH__ = DEFINED (__SIGNATURE_REGION_LENGTH__)?__SIGNATURE_REGION_LENGTH__:0x400
                0x0000000000000400                __USER_SIGNATURE_REGION_LENGTH__ = DEFINED (__USER_SIGNATURE_REGION_LENGTH__)?__USER_SIGNATURE_REGION_LENGTH__:0x400
                0x0000000000004000                __RODATA_PM_OFFSET__ = DEFINED (__RODATA_PM_OFFSET__)?__RODATA_PM_OFFSET__:0x8000

.hash
 *(.hash)

.dynsym
 *(.dynsym)

.dynstr
 *(.dynstr)

.gnu.version
 *(.gnu.version)

.gnu.version_d
 *(.gnu.version_d)

.gnu.version_r
 *(.gnu.version_r)

.rel.init
 *(.rel.init)

.rela.init
 *(.rela.init)

.rel.text
 *(.rel.text)
 *(.rel.text.*)
 *(.rel.gnu.linkonce.t*)

.rela.text
 *(.rela.text)
 *(.rela.text.*)
 *(.rela.gnu.linkonce.t*)

.rel.fini
 *(.rel.fini)

.rela.fini
 *(.rela.fini)

.rel.rodata
 *(.rel.rodata)
 *(.rel.rodata.*)
 *(.rel.gnu.linkonce.r*)

.rela.rodata
 *(.rela.rodata)
 *(.rela.rodata.*)
 *(.rela.gnu.linkonce.r*)

.rel.data
 *(.rel.data)
 *(.rel.data.*)
 *(.rel.gnu.linkonce.d*)

.rela.data
 *(.rela.data)
 *(.rela.data.*)
 *(.rela.gnu.linkonce.d*)

.rel.ctors
 *(.rel.ctors)

.rela.ctors
 *(.rela.ctors)

.rel.dtors
 *(.rel.dtors)

.rela.dtors
 *(.rela.dtors)

.rel.got
 *(.rel.got)

.rela.got
 *(.rela.got)

.rel.bss
 *(.rel.bss)

.rela.bss
 *(.rela.bss)

.rel.plt
 *(.rel.plt)

.rela.plt
 *(.rela.plt)

.text           0x0000000000000200     0x1eb4
 *(.vectors)
 .vectors       0x0000000000000200       0x90 /opt/local/avr-toolchain/lib/gcc/avr/10.1.0/avrxmega3/crtatmega4808.o
                0x0000000000000200                __vectors
                0x0000000000000200                __vector_default
 *(.vectors)
 *(.progmem.gcc*)
                0x0000000000000290                . = ALIGN (0x2)
                0x0000000000000290                __trampolines_start = .
 *(.trampolines)
 .trampolines   0x0000000000000290        0x0 linker stubs
 *(.trampolines*)
                0x0000000000000290                __trampolines_end = .
 *libprintf_flt.a:*(.progmem.data)
 *libc.a:*(.progmem.data)
 *(.progmem.*)
                0x0000000000000290                . = ALIGN (0x2)
 *(.lowtext)
 *(.lowtext*)
                0x0000000000000290                __ctors_start = .
 *(.ctors)
                0x0000000000000290                __ctors_end = .
                0x0000000000000290                __dtors_start = .
 *(.dtors)
                0x0000000000000290                __dtors_end = .
 SORT_BY_NAME(*)(.ctors)
 SORT_BY_NAME(*)(.dtors)
 *(.init0)
 .init0         0x0000000000000290        0x0 /opt/local/avr-toolchain/lib/gcc/avr/10.1.0/avrxmega3/crtatmega4808.o
                0x0000000000000290                __init
 *(.init0)
 *(.init1)
 *(.init1)
 *(.init2)
 .init2         0x0000000000000290        0xc /opt/local/avr-toolchain/lib/gcc/avr/10.1.0/avrxmega3/crtatmega4808.o
 *(.init2)
 *(.init3)
 *(.init3)
 *(.init4)
 .init4         0x000000000000029c       0x16 /opt/local/avr-toolchain/lib/gcc/avr/10.1.0/avrxmega3/libgcc.a(_copy_data.o)
                0x000000000000029c                __do_copy_data
 .init4         0x00000000000002b2       0x10 /opt/local/avr-toolchain/lib/gcc/avr/10.1.0/avrxmega3/libgcc.a(_clear_bss.o)
                0x00000000000002b2                __do_clear_bss
 *(.init4)
 *(.init5)
 *(.init5)
 *(.init6)
 *(.init6)
 *(.init7)
 *(.init7)
 *(.init8)
 *(.init8)
 *(.init9)
 .init9         0x00000000000002c2        0x8 /opt/local/avr-toolchain/lib/gcc/avr/10.1.0/avrxmega3/crtatmega4808.o
 *(.init9)
 *(.text)
 .text          0x00000000000002ca        0x4 /opt/local/avr-toolchain/lib/gcc/avr/10.1.0/avrxmega3/crtatmega4808.o
                0x00000000000002ca                __vector_22
                0x00000000000002ca                __vector_28
                0x00000000000002ca                __vector_1
                0x00000000000002ca                __vector_32
                0x00000000000002ca                __vector_34
                0x00000000000002ca                __vector_24
                0x00000000000002ca                __vector_12
                0x00000000000002ca                __bad_interrupt
                0x00000000000002ca                __vector_6
                0x00000000000002ca                __vector_31
                0x00000000000002ca                __vector_35
                0x00000000000002ca                __vector_3
                0x00000000000002ca                __vector_23
                0x00000000000002ca                __vector_30
                0x00000000000002ca                __vector_25
                0x00000000000002ca                __vector_11
                0x00000000000002ca                __vector_13
                0x00000000000002ca                __vector_17
                0x00000000000002ca                __vector_19
                0x00000000000002ca                __vector_7
                0x00000000000002ca                __vector_27
                0x00000000000002ca                __vector_5
                0x00000000000002ca                __vector_33
                0x00000000000002ca                __vector_4
                0x00000000000002ca                __vector_9
                0x00000000000002ca                __vector_2
                0x00000000000002ca                __vector_21
                0x00000000000002ca                __vector_15
                0x00000000000002ca                __vector_29
                0x00000000000002ca                __vector_8
                0x00000000000002ca                __vector_26
                0x00000000000002ca                __vector_14
                0x00000000000002ca                __vector_10
                0x00000000000002ca                __vector_16
                0x00000000000002ca                __vector_18
                0x00000000000002ca                __vector_20
                0x00000000000002ce                . = ALIGN (0x2)
 *(.text.*)
 .text.led_toggle
                0x00000000000002ce        0xa main.o
                0x00000000000002ce                led_toggle
 .text.led_on   0x00000000000002d8        0xa main.o
                0x00000000000002d8                led_on
 .text.led_off  0x00000000000002e2        0xa main.o
                0x00000000000002e2                led_off
 .text.pwm_on   0x00000000000002ec        0xe main.o
                0x00000000000002ec                pwm_on
 .text.pwm_off  0x00000000000002fa       0x14 main.o
                0x00000000000002fa                pwm_off
 .text.ssr1_on  0x000000000000030e        0xa main.o
                0x000000000000030e                ssr1_on
 .text.ssr1_off
                0x0000000000000318        0xa main.o
                0x0000000000000318                ssr1_off
 .text.ssr2_on  0x0000000000000322        0xa main.o
                0x0000000000000322                ssr2_on
 .text.ssr2_off
                0x000000000000032c        0xa main.o
                0x000000000000032c                ssr2_off
 .text.ssr3_on  0x0000000000000336        0xa main.o
                0x0000000000000336                ssr3_on
 .text.ssr3_off
                0x0000000000000340        0xa main.o
                0x0000000000000340                ssr3_off
 .text.all_ssr_on
                0x000000000000034a       0x14 main.o
                0x000000000000034a                all_ssr_on
 .text.all_ssr_off
                0x000000000000035e       0x14 main.o
                0x000000000000035e                all_ssr_off
 .text.lock_off
                0x0000000000000372       0x10 main.o
                0x0000000000000372                lock_off
 .text.relay_on
                0x0000000000000382        0xa main.o
                0x0000000000000382                relay_on
 .text.relay_off
                0x000000000000038c        0xa main.o
                0x000000000000038c                relay_off
 .text.readCP   0x0000000000000396       0x6e main.o
                0x0000000000000396                readCP
 .text.readPP   0x0000000000000404       0x6e main.o
                0x0000000000000404                readPP
 .text.readCT   0x0000000000000472       0x7e main.o
                0x0000000000000472                readCT
 .text.lock_cable
                0x00000000000004f0       0x40 main.o
                0x00000000000004f0                lock_cable
 .text.unlock_cable
                0x0000000000000530       0x40 main.o
                0x0000000000000530                unlock_cable
 .text.readTemp
                0x0000000000000570       0xce main.o
                0x0000000000000570                readTemp
 .text.measureCurrent
                0x000000000000063e      0x2c2 main.o
                0x000000000000063e                measureCurrent
 .text.pp_ohm   0x0000000000000900       0xee main.o
                0x0000000000000900                pp_ohm
 .text.cp_volt  0x00000000000009ee       0xbc main.o
                0x00000000000009ee                cp_volt
 .text.init     0x0000000000000aaa      0x2a8 main.o
                0x0000000000000aaa                init
 .text.startup.main
                0x0000000000000d52       0x1c main.o
                0x0000000000000d52                main
 .text.cmd_exec
                0x0000000000000d6e       0x1c cmd.o
                0x0000000000000d6e                cmd_exec
 .text.param_get
                0x0000000000000d8a       0x9c cmd.o
                0x0000000000000d8a                param_get
 .text.param_set
                0x0000000000000e26       0xa0 cmd.o
                0x0000000000000e26                param_set
 .text.cmd_parse
                0x0000000000000ec6      0x1d6 cmd.o
                0x0000000000000ec6                cmd_parse
 .text.sys_status
                0x000000000000109c       0xf0 cmd.o
                0x000000000000109c                sys_status
 .text.uart0_readLine
                0x000000000000118c       0x5a uart.o
                0x000000000000118c                uart0_readLine
 .text.avr-libc.fplib
                0x00000000000011e6        0xe /opt/local/avr-toolchain/bin/../lib/gcc/avr/10.1.0/../../../../avr/lib/avrxmega3/libm.a(addsf3.o)
                0x00000000000011e6                __subsf3
                0x00000000000011e8                __addsf3
 .text.avr-libc.fplib
                0x00000000000011f4       0xcc /opt/local/avr-toolchain/bin/../lib/gcc/avr/10.1.0/../../../../avr/lib/avrxmega3/libm.a(addsf3x.o)
                0x0000000000001216                __addsf3x
 .text.avr-libc.fplib
                0x00000000000012c0        0x8 /opt/local/avr-toolchain/bin/../lib/gcc/avr/10.1.0/../../../../avr/lib/avrxmega3/libm.a(divsf3.o)
                0x00000000000012c0                __divsf3
 .text.avr-libc.fplib
                0x00000000000012c8       0xdc /opt/local/avr-toolchain/bin/../lib/gcc/avr/10.1.0/../../../../avr/lib/avrxmega3/libm.a(divsf3x.o)
                0x00000000000012e8                __divsf3x
                0x00000000000012ee                __divsf3_pse
 .text.avr-libc.fplib
                0x00000000000013a4       0x5e /opt/local/avr-toolchain/bin/../lib/gcc/avr/10.1.0/../../../../avr/lib/avrxmega3/libm.a(fixunssfsi.o)
                0x00000000000013a4                __fixunssfsi
 .text.avr-libc.fplib
                0x0000000000001402       0x7a /opt/local/avr-toolchain/bin/../lib/gcc/avr/10.1.0/../../../../avr/lib/avrxmega3/libm.a(floatsisf.o)
                0x0000000000001402                __floatunsisf
                0x0000000000001406                __floatsisf
 .text.avr-libc.fplib
                0x000000000000147c        0xc /opt/local/avr-toolchain/bin/../lib/gcc/avr/10.1.0/../../../../avr/lib/avrxmega3/libm.a(fp_inf.o)
                0x000000000000147c                __fp_inf
 .text.avr-libc.fplib
                0x0000000000001488        0x6 /opt/local/avr-toolchain/bin/../lib/gcc/avr/10.1.0/../../../../avr/lib/avrxmega3/libm.a(fp_nan.o)
                0x0000000000001488                __fp_nan
 .text.avr-libc.fplib
                0x000000000000148e        0xe /opt/local/avr-toolchain/bin/../lib/gcc/avr/10.1.0/../../../../avr/lib/avrxmega3/libm.a(fp_pscA.o)
                0x000000000000148e                __fp_pscA
 .text.avr-libc.fplib
                0x000000000000149c        0xe /opt/local/avr-toolchain/bin/../lib/gcc/avr/10.1.0/../../../../avr/lib/avrxmega3/libm.a(fp_pscB.o)
                0x000000000000149c                __fp_pscB
 .text.avr-libc.fplib
                0x00000000000014aa       0x22 /opt/local/avr-toolchain/bin/../lib/gcc/avr/10.1.0/../../../../avr/lib/avrxmega3/libm.a(fp_round.o)
                0x00000000000014aa                __fp_round
 .text.avr-libc.fplib
                0x00000000000014cc       0x44 /opt/local/avr-toolchain/bin/../lib/gcc/avr/10.1.0/../../../../avr/lib/avrxmega3/libm.a(fp_split3.o)
                0x00000000000014cc                __fp_split3
                0x00000000000014dc                __fp_splitA
 .text.avr-libc.fplib
                0x0000000000001510        0xe /opt/local/avr-toolchain/bin/../lib/gcc/avr/10.1.0/../../../../avr/lib/avrxmega3/libm.a(fp_zero.o)
                0x0000000000001510                __fp_zero
                0x0000000000001512                __fp_szero
 .text.avr-libc.fplib
                0x000000000000151e        0x8 /opt/local/avr-toolchain/bin/../lib/gcc/avr/10.1.0/../../../../avr/lib/avrxmega3/libm.a(mulsf3.o)
                0x000000000000151e                __mulsf3
 .text.avr-libc.fplib
                0x0000000000001526       0xd2 /opt/local/avr-toolchain/bin/../lib/gcc/avr/10.1.0/../../../../avr/lib/avrxmega3/libm.a(mulsf3x.o)
                0x0000000000001544                __mulsf3x
                0x000000000000154a                __mulsf3_pse
 .text.avr-libc.fplib
                0x00000000000015f8       0x8c /opt/local/avr-toolchain/bin/../lib/gcc/avr/10.1.0/../../../../avr/lib/avrxmega3/libm.a(sqrt.o)
                0x0000000000001604                sqrt
                0x0000000000001604                sqrtf
 .text.avr-libc.fplib
                0x0000000000001684       0x1c /opt/local/avr-toolchain/bin/../lib/gcc/avr/10.1.0/../../../../avr/lib/avrxmega3/libm.a(fp_mpack.o)
                0x0000000000001684                __fp_mpack
                0x0000000000001688                __fp_mpack_finite
 .text.avr-libc.fplib
                0x00000000000016a0        0xe /opt/local/avr-toolchain/bin/../lib/gcc/avr/10.1.0/../../../../avr/lib/avrxmega3/libm.a(fp_norm2.o)
                0x00000000000016a0                __fp_norm2
 .text.libgcc.mul
                0x00000000000016ae       0x20 /opt/local/avr-toolchain/lib/gcc/avr/10.1.0/avrxmega3/libgcc.a(_mulsi3.o)
                0x00000000000016ae                __mulsi3
 .text.libgcc.mul
                0x00000000000016ce       0x1e /opt/local/avr-toolchain/lib/gcc/avr/10.1.0/avrxmega3/libgcc.a(_umulhisi3.o)
                0x00000000000016ce                __umulhisi3
 .text.libgcc.mul
                0x00000000000016ec       0x16 /opt/local/avr-toolchain/lib/gcc/avr/10.1.0/avrxmega3/libgcc.a(_muluhisi3.o)
                0x00000000000016ec                __muluhisi3
 .text.libgcc.builtins
                0x0000000000001702       0x3a /opt/local/avr-toolchain/lib/gcc/avr/10.1.0/avrxmega3/libgcc.a(_ashrdi3.o)
                0x0000000000001702                __ashrdi3
                0x0000000000001706                __lshrdi3
 .text.avr-libc
                0x000000000000173c      0x268 /opt/local/avr-toolchain/bin/../lib/gcc/avr/10.1.0/../../../../avr/lib/avrxmega3/libc.a(strtoul.o)
                0x000000000000173c                strtoul
 .text.avr-libc
                0x00000000000019a4       0x12 /opt/local/avr-toolchain/bin/../lib/gcc/avr/10.1.0/../../../../avr/lib/avrxmega3/libc.a(isspace.o)
                0x00000000000019a4                isspace
 .text.avr-libc
                0x00000000000019b6        0xa /opt/local/avr-toolchain/bin/../lib/gcc/avr/10.1.0/../../../../avr/lib/avrxmega3/libc.a(strtok.o)
                0x00000000000019b6                strtok
 .text.avr-libc
                0x00000000000019c0       0x16 /opt/local/avr-toolchain/bin/../lib/gcc/avr/10.1.0/../../../../avr/lib/avrxmega3/libc.a(strchr.o)
                0x00000000000019c0                strchr
 .text.avr-libc
                0x00000000000019d6       0x12 /opt/local/avr-toolchain/bin/../lib/gcc/avr/10.1.0/../../../../avr/lib/avrxmega3/libc.a(strcmp.o)
                0x00000000000019d6                strcmp
 .text.avr-libc
                0x00000000000019e8       0x4e /opt/local/avr-toolchain/bin/../lib/gcc/avr/10.1.0/../../../../avr/lib/avrxmega3/libc.a(strtok_r.o)
                0x00000000000019e8                strtok_r
 .text.avr-libc
                0x0000000000001a36       0x28 /opt/local/avr-toolchain/bin/../lib/gcc/avr/10.1.0/../../../../avr/lib/avrxmega3/libc.a(printf.o)
                0x0000000000001a36                printf
 .text.avr-libc
                0x0000000000001a5e       0x58 /opt/local/avr-toolchain/bin/../lib/gcc/avr/10.1.0/../../../../avr/lib/avrxmega3/libc.a(puts.o)
                0x0000000000001a5e                puts
 .text.avr-libc
                0x0000000000001ab6       0x60 /opt/local/avr-toolchain/bin/../lib/gcc/avr/10.1.0/../../../../avr/lib/avrxmega3/libc.a(snprintf.o)
                0x0000000000001ab6                snprintf
 .text.avr-libc
                0x0000000000001b16      0x3a6 /opt/local/avr-toolchain/bin/../lib/gcc/avr/10.1.0/../../../../avr/lib/avrxmega3/libc.a(vfprintf_std.o)
                0x0000000000001b16                vfprintf
 .text.avr-libc
                0x0000000000001ebc        0x6 /opt/local/avr-toolchain/bin/../lib/gcc/avr/10.1.0/../../../../avr/lib/avrxmega3/libc.a(cty_isfalse.o)
                0x0000000000001ebc                __ctype_isfalse
                0x0000000000001ec0                __ctype_istrue
 .text.avr-libc
                0x0000000000001ec2       0x16 /opt/local/avr-toolchain/bin/../lib/gcc/avr/10.1.0/../../../../avr/lib/avrxmega3/libc.a(strnlen_P.o)
                0x0000000000001ec2                strnlen_P
 .text.avr-libc
                0x0000000000001ed8       0x16 /opt/local/avr-toolchain/bin/../lib/gcc/avr/10.1.0/../../../../avr/lib/avrxmega3/libc.a(strnlen.o)
                0x0000000000001ed8                strnlen
 .text.avr-libc
                0x0000000000001eee       0x60 /opt/local/avr-toolchain/bin/../lib/gcc/avr/10.1.0/../../../../avr/lib/avrxmega3/libc.a(fputc.o)
                0x0000000000001eee                fputc
 .text.avr-libc
                0x0000000000001f4e       0xbc /opt/local/avr-toolchain/bin/../lib/gcc/avr/10.1.0/../../../../avr/lib/avrxmega3/libc.a(ultoa_invert.o)
                0x0000000000001f4e                __ultoa_invert
 .text.libgcc.div
                0x000000000000200a       0x44 /opt/local/avr-toolchain/lib/gcc/avr/10.1.0/avrxmega3/libgcc.a(_udivmodsi4.o)
                0x000000000000200a                __udivmodsi4
 .text.libgcc.prologue
                0x000000000000204e       0x32 /opt/local/avr-toolchain/lib/gcc/avr/10.1.0/avrxmega3/libgcc.a(_prologue.o)
                0x000000000000204e                __prologue_saves__
 .text.libgcc.prologue
                0x0000000000002080       0x30 /opt/local/avr-toolchain/lib/gcc/avr/10.1.0/avrxmega3/libgcc.a(_epilogue.o)
                0x0000000000002080                __epilogue_restores__
                0x00000000000020b0                . = ALIGN (0x2)
 *(.fini9)
 .fini9         0x00000000000020b0        0x0 /opt/local/avr-toolchain/lib/gcc/avr/10.1.0/avrxmega3/libgcc.a(_exit.o)
                0x00000000000020b0                exit
                0x00000000000020b0                _exit
 *(.fini9)
 *(.fini8)
 *(.fini8)
 *(.fini7)
 *(.fini7)
 *(.fini6)
 *(.fini6)
 *(.fini5)
 *(.fini5)
 *(.fini4)
 *(.fini4)
 *(.fini3)
 *(.fini3)
 *(.fini2)
 *(.fini2)
 *(.fini1)
 *(.fini1)
 *(.fini0)
 .fini0         0x00000000000020b0        0x4 /opt/local/avr-toolchain/lib/gcc/avr/10.1.0/avrxmega3/libgcc.a(_exit.o)
 *(.fini0)
 *(.hightext)
 *(.hightext*)
 *(.progmemx.*)
                0x00000000000020b4                . = ALIGN (0x2)
 *(.jumptables)
 *(.jumptables*)
                0x00000000000020b4                _etext = .

.rodata         0x00000000000060b4      0x389 load address 0x00000000000020b4
 *(.rodata)
 *(.rodata*)
 .rodata.pp_ohm.str1.1
                0x00000000000060b4        0xc main.o
 .rodata.cp_volt.str1.1
                0x00000000000060c0        0xc main.o
 .rodata.main.str1.1
                0x00000000000060cc        0xe main.o
 .rodata.str1.1
                0x00000000000060da      0x20f main.o
                                        0x220 (size before relaxing)
 .rodata.cmd_parse.str1.1
                0x00000000000062e9       0xc5 cmd.o
                                         0xed (size before relaxing)
 .rodata.sys_status.str1.1
                0x00000000000063ae       0x5e cmd.o
 .rodata.uart0_readLine.str1.1
                0x000000000000640c       0x31 uart.o
 *(.gnu.linkonce.r*)

.data           0x0000000000802800      0x12a load address 0x000000000000243d
                0x0000000000802800                PROVIDE (__data_start = .)
 *(.data)
 *(.data*)
 .data.param_table
                0x0000000000802800       0xaa main.o
                0x0000000000802800                param_table
 .data.cmd_table
                0x00000000008028aa       0x70 main.o
                0x00000000008028aa                cmd_table
 .data.chargeDelay
                0x000000000080291a        0x1 main.o
                0x000000000080291a                chargeDelay
 .data.nextState
                0x000000000080291b        0x1 main.o
                0x000000000080291b                nextState
 .data.state    0x000000000080291c        0x1 main.o
                0x000000000080291c                state
 .data.switchMode
                0x000000000080291d        0x1 main.o
                0x000000000080291d                switchMode
 .data.minCurrent
                0x000000000080291e        0x1 main.o
                0x000000000080291e                minCurrent
 .data.maxCurrent
                0x000000000080291f        0x1 main.o
                0x000000000080291f                maxCurrent
 .data.maxMains
                0x0000000000802920        0x1 main.o
                0x0000000000802920                maxMains
 .data.Ical     0x0000000000802921        0x2 main.o
                0x0000000000802921                Ical
 .data.dutyCycle
                0x0000000000802923        0x1 main.o
                0x0000000000802923                dutyCycle
 .data.ctVal    0x0000000000802924        0x6 main.o
                0x0000000000802924                ctVal
 *(.gnu.linkonce.d*)
                0x000000000080292a                . = ALIGN (0x2)
                0x000000000080292a                _edata = .
                0x000000000080292a                PROVIDE (__data_end = .)

.bss            0x000000000080292a       0xe8
                0x000000000080292a                PROVIDE (__bss_start = .)
 *(.bss)
 .bss           0x000000000080292a        0x2 /opt/local/avr-toolchain/bin/../lib/gcc/avr/10.1.0/../../../../avr/lib/avrxmega3/libc.a(strtok.o)
 .bss           0x000000000080292c        0x6 /opt/local/avr-toolchain/bin/../lib/gcc/avr/10.1.0/../../../../avr/lib/avrxmega3/libc.a(iob.o)
                0x000000000080292c                __iob
 .bss           0x0000000000802932        0x2 /opt/local/avr-toolchain/bin/../lib/gcc/avr/10.1.0/../../../../avr/lib/avrxmega3/libc.a(errno.o)
                0x0000000000802932                errno
 *(.bss*)
 .bss.rxbuffer  0x0000000000802934       0x42 main.o
                0x0000000000802934                rxbuffer
 .bss.filteredCT
                0x0000000000802976        0xc main.o
                0x0000000000802976                filteredCT
 .bss.sqI       0x0000000000802982        0x8 main.o
                0x0000000000802982                sqI
 .bss.tempL     0x000000000080298a        0x4 main.o
                0x000000000080298a                tempL
 .bss.filtI_div4
                0x000000000080298e        0x4 main.o
                0x000000000080298e                filtI_div4
 .bss.filteredI
                0x0000000000802992        0x4 main.o
                0x0000000000802992                filteredI
 .bss.tempI     0x0000000000802996        0x2 main.o
                0x0000000000802996                tempI
 .bss.sampleI   0x0000000000802998        0x2 main.o
                0x0000000000802998                sampleI
 .bss.lastSampleI
                0x000000000080299a        0x2 main.o
                0x000000000080299a                lastSampleI
 .bss.tempIrms  0x000000000080299c        0xc main.o
                0x000000000080299c                tempIrms
 .bss.sigrow_gain
                0x00000000008029a8        0x1 main.o
 .bss.sigrow_offset
                0x00000000008029a9        0x1 main.o
 .bss.runlevel  0x00000000008029aa        0x1 main.o
                0x00000000008029aa                runlevel
 .bss.access    0x00000000008029ab        0x1 main.o
                0x00000000008029ab                access
 .bss.Isum      0x00000000008029ac        0x2 main.o
                0x00000000008029ac                Isum
 .bss.Imeasured
                0x00000000008029ae        0x2 main.o
                0x00000000008029ae                Imeasured
 .bss.chargeCurrent
                0x00000000008029b0        0x2 main.o
                0x00000000008029b0                chargeCurrent
 .bss.maxCapacity
                0x00000000008029b2        0x1 main.o
                0x00000000008029b2                maxCapacity
 .bss.error     0x00000000008029b3        0x1 main.o
                0x00000000008029b3                error
 .bss.cableConf
                0x00000000008029b4        0x1 main.o
                0x00000000008029b4                cableConf
 .bss.lock      0x00000000008029b5        0x1 main.o
                0x00000000008029b5                lock
 .bss.mode      0x00000000008029b6        0x1 main.o
                0x00000000008029b6                mode
 .bss.lockstate
                0x00000000008029b7        0x1 main.o
                0x00000000008029b7                lockstate
 .bss.buttonstate
                0x00000000008029b8        0x1 main.o
                0x00000000008029b8                buttonstate
 .bss.auxTimer2
                0x00000000008029b9        0x2 main.o
                0x00000000008029b9                auxTimer2
 .bss.auxTimer1
                0x00000000008029bb        0x2 main.o
                0x00000000008029bb                auxTimer1
 .bss.sectime   0x00000000008029bd        0x4 main.o
                0x00000000008029bd                sectime
 .bss.systime   0x00000000008029c1        0x4 main.o
                0x00000000008029c1                systime
 .bss.temperature
                0x00000000008029c5        0x2 main.o
                0x00000000008029c5                temperature
 .bss.pilot     0x00000000008029c7        0x1 main.o
                0x00000000008029c7                pilot
 .bss.cpVal     0x00000000008029c8        0x2 main.o
                0x00000000008029c8                cpVal
 .bss.ppVal     0x00000000008029ca        0x2 main.o
                0x00000000008029ca                ppVal
 .bss.Irms      0x00000000008029cc        0x6 main.o
                0x00000000008029cc                Irms
 .bss.buffer    0x00000000008029d2       0x40 uart.o
 *(COMMON)
                0x0000000000802a12                PROVIDE (__bss_end = .)
                0x000000000000243d                __data_load_start = LOADADDR (.data)
                0x0000000000002567                __data_load_end = (__data_load_start + SIZEOF (.data))

.noinit         0x0000000000802a12        0x0
                [!provide]                        PROVIDE (__noinit_start = .)
 *(.noinit*)
                [!provide]                        PROVIDE (__noinit_end = .)
                0x0000000000802a12                _end = .
                [!provide]                        PROVIDE (__heap_start = .)

.eeprom         0x0000000000810000        0x0
 *(.eeprom*)
                0x0000000000810000                __eeprom_end = .

.fuse
 *(.fuse)
 *(.lfuse)
 *(.hfuse)
 *(.efuse)

.lock
 *(.lock*)

.signature
 *(.signature*)

.stab
 *(.stab)

.stabstr
 *(.stabstr)

.stab.excl
 *(.stab.excl)

.stab.exclstr
 *(.stab.exclstr)

.stab.index
 *(.stab.index)

.stab.indexstr
 *(.stab.indexstr)

.comment        0x0000000000000000       0x12
 *(.comment)
 .comment       0x0000000000000000       0x12 main.o
                                         0x13 (size before relaxing)
 .comment       0x0000000000000012       0x13 cmd.o
 .comment       0x0000000000000012       0x13 uart.o
 .comment       0x0000000000000012       0x13 /opt/local/avr-toolchain/bin/../lib/gcc/avr/10.1.0/../../../../avr/lib/avrxmega3/libc.a(strtoul.o)
 .comment       0x0000000000000012       0x13 /opt/local/avr-toolchain/bin/../lib/gcc/avr/10.1.0/../../../../avr/lib/avrxmega3/libc.a(strtok.o)
 .comment       0x0000000000000012       0x13 /opt/local/avr-toolchain/bin/../lib/gcc/avr/10.1.0/../../../../avr/lib/avrxmega3/libc.a(iob.o)
 .comment       0x0000000000000012       0x13 /opt/local/avr-toolchain/bin/../lib/gcc/avr/10.1.0/../../../../avr/lib/avrxmega3/libc.a(printf.o)
 .comment       0x0000000000000012       0x13 /opt/local/avr-toolchain/bin/../lib/gcc/avr/10.1.0/../../../../avr/lib/avrxmega3/libc.a(puts.o)
 .comment       0x0000000000000012       0x13 /opt/local/avr-toolchain/bin/../lib/gcc/avr/10.1.0/../../../../avr/lib/avrxmega3/libc.a(snprintf.o)
 .comment       0x0000000000000012       0x13 /opt/local/avr-toolchain/bin/../lib/gcc/avr/10.1.0/../../../../avr/lib/avrxmega3/libc.a(vfprintf_std.o)
 .comment       0x0000000000000012       0x13 /opt/local/avr-toolchain/bin/../lib/gcc/avr/10.1.0/../../../../avr/lib/avrxmega3/libc.a(errno.o)
 .comment       0x0000000000000012       0x13 /opt/local/avr-toolchain/bin/../lib/gcc/avr/10.1.0/../../../../avr/lib/avrxmega3/libc.a(fputc.o)

.note.gnu.avr.deviceinfo
                0x0000000000000000       0x40
 .note.gnu.avr.deviceinfo
                0x0000000000000000       0x40 /opt/local/avr-toolchain/lib/gcc/avr/10.1.0/avrxmega3/crtatmega4808.o

.note.gnu.build-id
 *(.note.gnu.build-id)

.debug
 *(.debug)

.line
 *(.line)

.debug_srcinfo
 *(.debug_srcinfo)

.debug_sfnames
 *(.debug_sfnames)

.debug_aranges  0x0000000000000000      0x2e0
 *(.debug_aranges)
 .debug_aranges
                0x0000000000000000      0x108 main.o
 .debug_aranges
                0x0000000000000108       0x40 cmd.o
 .debug_aranges
                0x0000000000000148       0x58 uart.o
 .debug_aranges
                0x00000000000001a0       0x20 /opt/local/avr-toolchain/lib/gcc/avr/10.1.0/avrxmega3/libgcc.a(_mulsi3.o)
 .debug_aranges
                0x00000000000001c0       0x20 /opt/local/avr-toolchain/lib/gcc/avr/10.1.0/avrxmega3/libgcc.a(_exit.o)
 .debug_aranges
                0x00000000000001e0       0x20 /opt/local/avr-toolchain/lib/gcc/avr/10.1.0/avrxmega3/libgcc.a(_copy_data.o)
 .debug_aranges
                0x0000000000000200       0x20 /opt/local/avr-toolchain/lib/gcc/avr/10.1.0/avrxmega3/libgcc.a(_clear_bss.o)
 .debug_aranges
                0x0000000000000220       0x20 /opt/local/avr-toolchain/lib/gcc/avr/10.1.0/avrxmega3/libgcc.a(_umulhisi3.o)
 .debug_aranges
                0x0000000000000240       0x20 /opt/local/avr-toolchain/lib/gcc/avr/10.1.0/avrxmega3/libgcc.a(_muluhisi3.o)
 .debug_aranges
                0x0000000000000260       0x20 /opt/local/avr-toolchain/lib/gcc/avr/10.1.0/avrxmega3/libgcc.a(_ashrdi3.o)
 .debug_aranges
                0x0000000000000280       0x20 /opt/local/avr-toolchain/lib/gcc/avr/10.1.0/avrxmega3/libgcc.a(_udivmodsi4.o)
 .debug_aranges
                0x00000000000002a0       0x20 /opt/local/avr-toolchain/lib/gcc/avr/10.1.0/avrxmega3/libgcc.a(_prologue.o)
 .debug_aranges
                0x00000000000002c0       0x20 /opt/local/avr-toolchain/lib/gcc/avr/10.1.0/avrxmega3/libgcc.a(_epilogue.o)

.debug_pubnames
 *(.debug_pubnames)

.debug_info     0x0000000000000000     0x53fe
 *(.debug_info .gnu.linkonce.wi.*)
 .debug_info    0x0000000000000000     0x229c /opt/local/avr-toolchain/lib/gcc/avr/10.1.0/avrxmega3/crtatmega4808.o
 .debug_info    0x000000000000229c     0x229a main.o
 .debug_info    0x0000000000004536      0x673 cmd.o
 .debug_info    0x0000000000004ba9      0x6d9 uart.o
 .debug_info    0x0000000000005282       0x26 /opt/local/avr-toolchain/lib/gcc/avr/10.1.0/avrxmega3/libgcc.a(_mulsi3.o)
 .debug_info    0x00000000000052a8       0x26 /opt/local/avr-toolchain/lib/gcc/avr/10.1.0/avrxmega3/libgcc.a(_exit.o)
 .debug_info    0x00000000000052ce       0x26 /opt/local/avr-toolchain/lib/gcc/avr/10.1.0/avrxmega3/libgcc.a(_copy_data.o)
 .debug_info    0x00000000000052f4       0x26 /opt/local/avr-toolchain/lib/gcc/avr/10.1.0/avrxmega3/libgcc.a(_clear_bss.o)
 .debug_info    0x000000000000531a       0x26 /opt/local/avr-toolchain/lib/gcc/avr/10.1.0/avrxmega3/libgcc.a(_umulhisi3.o)
 .debug_info    0x0000000000005340       0x26 /opt/local/avr-toolchain/lib/gcc/avr/10.1.0/avrxmega3/libgcc.a(_muluhisi3.o)
 .debug_info    0x0000000000005366       0x26 /opt/local/avr-toolchain/lib/gcc/avr/10.1.0/avrxmega3/libgcc.a(_ashrdi3.o)
 .debug_info    0x000000000000538c       0x26 /opt/local/avr-toolchain/lib/gcc/avr/10.1.0/avrxmega3/libgcc.a(_udivmodsi4.o)
 .debug_info    0x00000000000053b2       0x26 /opt/local/avr-toolchain/lib/gcc/avr/10.1.0/avrxmega3/libgcc.a(_prologue.o)
 .debug_info    0x00000000000053d8       0x26 /opt/local/avr-toolchain/lib/gcc/avr/10.1.0/avrxmega3/libgcc.a(_epilogue.o)

.debug_abbrev   0x0000000000000000     0x2ae9
 *(.debug_abbrev)
 .debug_abbrev  0x0000000000000000     0x20c2 /opt/local/avr-toolchain/lib/gcc/avr/10.1.0/avrxmega3/crtatmega4808.o
 .debug_abbrev  0x00000000000020c2      0x45a main.o
 .debug_abbrev  0x000000000000251c      0x1f1 cmd.o
 .debug_abbrev  0x000000000000270d      0x314 uart.o
 .debug_abbrev  0x0000000000002a21       0x14 /opt/local/avr-toolchain/lib/gcc/avr/10.1.0/avrxmega3/libgcc.a(_mulsi3.o)
 .debug_abbrev  0x0000000000002a35       0x14 /opt/local/avr-toolchain/lib/gcc/avr/10.1.0/avrxmega3/libgcc.a(_exit.o)
 .debug_abbrev  0x0000000000002a49       0x14 /opt/local/avr-toolchain/lib/gcc/avr/10.1.0/avrxmega3/libgcc.a(_copy_data.o)
 .debug_abbrev  0x0000000000002a5d       0x14 /opt/local/avr-toolchain/lib/gcc/avr/10.1.0/avrxmega3/libgcc.a(_clear_bss.o)
 .debug_abbrev  0x0000000000002a71       0x14 /opt/local/avr-toolchain/lib/gcc/avr/10.1.0/avrxmega3/libgcc.a(_umulhisi3.o)
 .debug_abbrev  0x0000000000002a85       0x14 /opt/local/avr-toolchain/lib/gcc/avr/10.1.0/avrxmega3/libgcc.a(_muluhisi3.o)
 .debug_abbrev  0x0000000000002a99       0x14 /opt/local/avr-toolchain/lib/gcc/avr/10.1.0/avrxmega3/libgcc.a(_ashrdi3.o)
 .debug_abbrev  0x0000000000002aad       0x14 /opt/local/avr-toolchain/lib/gcc/avr/10.1.0/avrxmega3/libgcc.a(_udivmodsi4.o)
 .debug_abbrev  0x0000000000002ac1       0x14 /opt/local/avr-toolchain/lib/gcc/avr/10.1.0/avrxmega3/libgcc.a(_prologue.o)
 .debug_abbrev  0x0000000000002ad5       0x14 /opt/local/avr-toolchain/lib/gcc/avr/10.1.0/avrxmega3/libgcc.a(_epilogue.o)

.debug_line     0x0000000000000000     0x313f
 *(.debug_line .debug_line.* .debug_line_end)
 .debug_line    0x0000000000000000      0x16f /opt/local/avr-toolchain/lib/gcc/avr/10.1.0/avrxmega3/crtatmega4808.o
 .debug_line    0x000000000000016f     0x1970 main.o
 .debug_line    0x0000000000001adf      0x83a cmd.o
 .debug_line    0x0000000000002319      0x6c6 uart.o
 .debug_line    0x00000000000029df       0xaf /opt/local/avr-toolchain/lib/gcc/avr/10.1.0/avrxmega3/libgcc.a(_mulsi3.o)
 .debug_line    0x0000000000002a8e       0x61 /opt/local/avr-toolchain/lib/gcc/avr/10.1.0/avrxmega3/libgcc.a(_exit.o)
 .debug_line    0x0000000000002aef       0x97 /opt/local/avr-toolchain/lib/gcc/avr/10.1.0/avrxmega3/libgcc.a(_copy_data.o)
 .debug_line    0x0000000000002b86       0x85 /opt/local/avr-toolchain/lib/gcc/avr/10.1.0/avrxmega3/libgcc.a(_clear_bss.o)
 .debug_line    0x0000000000002c0b       0xaf /opt/local/avr-toolchain/lib/gcc/avr/10.1.0/avrxmega3/libgcc.a(_umulhisi3.o)
 .debug_line    0x0000000000002cba       0x91 /opt/local/avr-toolchain/lib/gcc/avr/10.1.0/avrxmega3/libgcc.a(_muluhisi3.o)
 .debug_line    0x0000000000002d4b      0x103 /opt/local/avr-toolchain/lib/gcc/avr/10.1.0/avrxmega3/libgcc.a(_ashrdi3.o)
 .debug_line    0x0000000000002e4e      0x121 /opt/local/avr-toolchain/lib/gcc/avr/10.1.0/avrxmega3/libgcc.a(_udivmodsi4.o)
 .debug_line    0x0000000000002f6f       0xeb /opt/local/avr-toolchain/lib/gcc/avr/10.1.0/avrxmega3/libgcc.a(_prologue.o)
 .debug_line    0x000000000000305a       0xe5 /opt/local/avr-toolchain/lib/gcc/avr/10.1.0/avrxmega3/libgcc.a(_epilogue.o)

.debug_frame    0x0000000000000000      0x4d0
 *(.debug_frame)
 .debug_frame   0x0000000000000000      0x2c4 main.o
 .debug_frame   0x00000000000002c4      0x120 cmd.o
 .debug_frame   0x00000000000003e4       0xec uart.o

.debug_str      0x0000000000000000     0x2670
 *(.debug_str)
 .debug_str     0x0000000000000000      0xecd /opt/local/avr-toolchain/lib/gcc/avr/10.1.0/avrxmega3/crtatmega4808.o
 .debug_str     0x0000000000000ecd     0x14f6 main.o
                                       0x15f8 (size before relaxing)
 .debug_str     0x00000000000023c3       0xb0 cmd.o
                                        0x2b8 (size before relaxing)
 .debug_str     0x0000000000002473      0x188 uart.o
                                        0x42f (size before relaxing)
 .debug_str     0x00000000000025fb       0x75 /opt/local/avr-toolchain/lib/gcc/avr/10.1.0/avrxmega3/libgcc.a(_mulsi3.o)
 .debug_str     0x0000000000002670       0x75 /opt/local/avr-toolchain/lib/gcc/avr/10.1.0/avrxmega3/libgcc.a(_exit.o)
 .debug_str     0x0000000000002670       0x75 /opt/local/avr-toolchain/lib/gcc/avr/10.1.0/avrxmega3/libgcc.a(_copy_data.o)
 .debug_str     0x0000000000002670       0x75 /opt/local/avr-toolchain/lib/gcc/avr/10.1.0/avrxmega3/libgcc.a(_clear_bss.o)
 .debug_str     0x0000000000002670       0x75 /opt/local/avr-toolchain/lib/gcc/avr/10.1.0/avrxmega3/libgcc.a(_umulhisi3.o)
 .debug_str     0x0000000000002670       0x75 /opt/local/avr-toolchain/lib/gcc/avr/10.1.0/avrxmega3/libgcc.a(_muluhisi3.o)
 .debug_str     0x0000000000002670       0x75 /opt/local/avr-toolchain/lib/gcc/avr/10.1.0/avrxmega3/libgcc.a(_ashrdi3.o)
 .debug_str     0x0000000000002670       0x75 /opt/local/avr-toolchain/lib/gcc/avr/10.1.0/avrxmega3/libgcc.a(_udivmodsi4.o)
 .debug_str     0x0000000000002670       0x75 /opt/local/avr-toolchain/lib/gcc/avr/10.1.0/avrxmega3/libgcc.a(_prologue.o)
 .debug_str     0x0000000000002670       0x75 /opt/local/avr-toolchain/lib/gcc/avr/10.1.0/avrxmega3/libgcc.a(_epilogue.o)

.debug_loc      0x0000000000000000      0xa6b
 *(.debug_loc)
 .debug_loc     0x0000000000000000      0x3da main.o
 .debug_loc     0x00000000000003da      0x533 cmd.o
 .debug_loc     0x000000000000090d      0x15e uart.o

.debug_macinfo
 *(.debug_macinfo)

.debug_weaknames
 *(.debug_weaknames)

.debug_funcnames
 *(.debug_funcnames)

.debug_typenames
 *(.debug_typenames)

.debug_varnames
 *(.debug_varnames)

.debug_pubtypes
 *(.debug_pubtypes)

.debug_ranges   0x0000000000000000      0x240
 *(.debug_ranges)
 .debug_ranges  0x0000000000000000      0x128 main.o
 .debug_ranges  0x0000000000000128       0xa0 cmd.o
 .debug_ranges  0x00000000000001c8       0x78 uart.o

.debug_macro
 *(.debug_macro)

.debug_addr
 *(.debug_addr)
OUTPUT(fgccs-firmware.elf elf32-avr)
LOAD linker stubs
