Archive member included to satisfy reference by file (symbol)

c:/program files (x86)/atmel/studio/7.0/toolchain/avr8/avr8-gnu-toolchain/bin/../lib/gcc/avr/5.4.0/avrxmega3\libgcc.a(_exit.o)
                              C:/Program Files (x86)/Atmel/Studio/7.0/Packs/atmel/ATmega_DFP/1.3.300/gcc/dev/atmega4808/avrxmega3/crtatmega4808.o (exit)
c:/program files (x86)/atmel/studio/7.0/toolchain/avr8/avr8-gnu-toolchain/bin/../lib/gcc/avr/5.4.0/avrxmega3\libgcc.a(_clear_bss.o)
                              main.o (__do_clear_bss)

Discarded input sections

 .data          0x00000000        0x0 C:/Program Files (x86)/Atmel/Studio/7.0/Packs/atmel/ATmega_DFP/1.3.300/gcc/dev/atmega4808/avrxmega3/crtatmega4808.o
 .bss           0x00000000        0x0 C:/Program Files (x86)/Atmel/Studio/7.0/Packs/atmel/ATmega_DFP/1.3.300/gcc/dev/atmega4808/avrxmega3/crtatmega4808.o
 .text          0x00000000        0x0 atmel_start.o
 .data          0x00000000        0x0 atmel_start.o
 .bss           0x00000000        0x0 atmel_start.o
 .text          0x00000000        0x0 driver_isr.o
 .data          0x00000000        0x0 driver_isr.o
 .bss           0x00000000        0x0 driver_isr.o
 .text          0x00000000        0x0 main.o
 .data          0x00000000        0x0 main.o
 .bss           0x00000000        0x0 main.o
 .text          0x00000000        0x0 src/bod.o
 .data          0x00000000        0x0 src/bod.o
 .bss           0x00000000        0x0 src/bod.o
 .text          0x00000000        0x0 src/clkctrl.o
 .data          0x00000000        0x0 src/clkctrl.o
 .bss           0x00000000        0x0 src/clkctrl.o
 .text          0x00000000        0x0 src/cpuint.o
 .data          0x00000000        0x0 src/cpuint.o
 .bss           0x00000000        0x0 src/cpuint.o
 .text          0x00000000        0x0 src/driver_init.o
 .data          0x00000000        0x0 src/driver_init.o
 .bss           0x00000000        0x0 src/driver_init.o
 .text.TIMER_0_initialization
                0x00000000        0x6 src/driver_init.o
 .text          0x00000000        0x0 src/protected_io.o
 .data          0x00000000        0x0 src/protected_io.o
 .bss           0x00000000        0x0 src/protected_io.o
 .text          0x00000000        0x0 src/rtc.o
 .data          0x00000000        0x0 src/rtc.o
 .bss           0x00000000        0x0 src/rtc.o
 .text          0x00000000        0x0 src/slpctrl.o
 .data          0x00000000        0x0 src/slpctrl.o
 .bss           0x00000000        0x0 src/slpctrl.o
 .text.SLPCTRL_set_sleep_mode
                0x00000000       0x10 src/slpctrl.o
 .text          0x00000000        0x0 src/tca.o
 .data          0x00000000        0x0 src/tca.o
 .bss           0x00000000        0x0 src/tca.o
 .text          0x00000000        0x0 c:/program files (x86)/atmel/studio/7.0/toolchain/avr8/avr8-gnu-toolchain/bin/../lib/gcc/avr/5.4.0/avrxmega3\libgcc.a(_exit.o)
 .data          0x00000000        0x0 c:/program files (x86)/atmel/studio/7.0/toolchain/avr8/avr8-gnu-toolchain/bin/../lib/gcc/avr/5.4.0/avrxmega3\libgcc.a(_exit.o)
 .bss           0x00000000        0x0 c:/program files (x86)/atmel/studio/7.0/toolchain/avr8/avr8-gnu-toolchain/bin/../lib/gcc/avr/5.4.0/avrxmega3\libgcc.a(_exit.o)
 .text.libgcc.mul
                0x00000000        0x0 c:/program files (x86)/atmel/studio/7.0/toolchain/avr8/avr8-gnu-toolchain/bin/../lib/gcc/avr/5.4.0/avrxmega3\libgcc.a(_exit.o)
 .text.libgcc.div
                0x00000000        0x0 c:/program files (x86)/atmel/studio/7.0/toolchain/avr8/avr8-gnu-toolchain/bin/../lib/gcc/avr/5.4.0/avrxmega3\libgcc.a(_exit.o)
 .text.libgcc   0x00000000        0x0 c:/program files (x86)/atmel/studio/7.0/toolchain/avr8/avr8-gnu-toolchain/bin/../lib/gcc/avr/5.4.0/avrxmega3\libgcc.a(_exit.o)
 .text.libgcc.prologue
                0x00000000        0x0 c:/program files (x86)/atmel/studio/7.0/toolchain/avr8/avr8-gnu-toolchain/bin/../lib/gcc/avr/5.4.0/avrxmega3\libgcc.a(_exit.o)
 .text.libgcc.builtins
                0x00000000        0x0 c:/program files (x86)/atmel/studio/7.0/toolchain/avr8/avr8-gnu-toolchain/bin/../lib/gcc/avr/5.4.0/avrxmega3\libgcc.a(_exit.o)
 .text.libgcc.fmul
                0x00000000        0x0 c:/program files (x86)/atmel/studio/7.0/toolchain/avr8/avr8-gnu-toolchain/bin/../lib/gcc/avr/5.4.0/avrxmega3\libgcc.a(_exit.o)
 .text.libgcc.fixed
                0x00000000        0x0 c:/program files (x86)/atmel/studio/7.0/toolchain/avr8/avr8-gnu-toolchain/bin/../lib/gcc/avr/5.4.0/avrxmega3\libgcc.a(_exit.o)
 .text          0x00000000        0x0 c:/program files (x86)/atmel/studio/7.0/toolchain/avr8/avr8-gnu-toolchain/bin/../lib/gcc/avr/5.4.0/avrxmega3\libgcc.a(_clear_bss.o)
 .data          0x00000000        0x0 c:/program files (x86)/atmel/studio/7.0/toolchain/avr8/avr8-gnu-toolchain/bin/../lib/gcc/avr/5.4.0/avrxmega3\libgcc.a(_clear_bss.o)
 .bss           0x00000000        0x0 c:/program files (x86)/atmel/studio/7.0/toolchain/avr8/avr8-gnu-toolchain/bin/../lib/gcc/avr/5.4.0/avrxmega3\libgcc.a(_clear_bss.o)
 .text.libgcc.mul
                0x00000000        0x0 c:/program files (x86)/atmel/studio/7.0/toolchain/avr8/avr8-gnu-toolchain/bin/../lib/gcc/avr/5.4.0/avrxmega3\libgcc.a(_clear_bss.o)
 .text.libgcc.div
                0x00000000        0x0 c:/program files (x86)/atmel/studio/7.0/toolchain/avr8/avr8-gnu-toolchain/bin/../lib/gcc/avr/5.4.0/avrxmega3\libgcc.a(_clear_bss.o)
 .text.libgcc   0x00000000        0x0 c:/program files (x86)/atmel/studio/7.0/toolchain/avr8/avr8-gnu-toolchain/bin/../lib/gcc/avr/5.4.0/avrxmega3\libgcc.a(_clear_bss.o)
 .text.libgcc.prologue
                0x00000000        0x0 c:/program files (x86)/atmel/studio/7.0/toolchain/avr8/avr8-gnu-toolchain/bin/../lib/gcc/avr/5.4.0/avrxmega3\libgcc.a(_clear_bss.o)
 .text.libgcc.builtins
                0x00000000        0x0 c:/program files (x86)/atmel/studio/7.0/toolchain/avr8/avr8-gnu-toolchain/bin/../lib/gcc/avr/5.4.0/avrxmega3\libgcc.a(_clear_bss.o)
 .text.libgcc.fmul
                0x00000000        0x0 c:/program files (x86)/atmel/studio/7.0/toolchain/avr8/avr8-gnu-toolchain/bin/../lib/gcc/avr/5.4.0/avrxmega3\libgcc.a(_clear_bss.o)
 .text.libgcc.fixed
                0x00000000        0x0 c:/program files (x86)/atmel/studio/7.0/toolchain/avr8/avr8-gnu-toolchain/bin/../lib/gcc/avr/5.4.0/avrxmega3\libgcc.a(_clear_bss.o)

Memory Configuration

Name             Origin             Length             Attributes
text             0x00000000         0x00100000         xr
data             0x00802000         0x0000ffa0         rw !x
eeprom           0x00810000         0x00010000         rw !x
fuse             0x00820000         0x00000009         rw !x
lock             0x00830000         0x00000400         rw !x
signature        0x00840000         0x00000400         rw !x
user_signatures  0x00850000         0x00000400         rw !x
*default*        0x00000000         0xffffffff

Linker script and memory map

Address of section .data set to 0x802800
                0x00004000                __RODATA_PM_OFFSET__ = 0x4000
LOAD C:/Program Files (x86)/Atmel/Studio/7.0/Packs/atmel/ATmega_DFP/1.3.300/gcc/dev/atmega4808/avrxmega3/crtatmega4808.o
LOAD atmel_start.o
LOAD driver_isr.o
LOAD main.o
LOAD src/bod.o
LOAD src/clkctrl.o
LOAD src/cpuint.o
LOAD src/driver_init.o
LOAD src/protected_io.o
LOAD src/rtc.o
LOAD src/slpctrl.o
LOAD src/tca.o
START GROUP
LOAD c:/program files (x86)/atmel/studio/7.0/toolchain/avr8/avr8-gnu-toolchain/bin/../lib/gcc/avr/5.4.0/../../../../avr/lib/avrxmega3\libm.a
END GROUP
START GROUP
LOAD c:/program files (x86)/atmel/studio/7.0/toolchain/avr8/avr8-gnu-toolchain/bin/../lib/gcc/avr/5.4.0/avrxmega3\libgcc.a
LOAD c:/program files (x86)/atmel/studio/7.0/toolchain/avr8/avr8-gnu-toolchain/bin/../lib/gcc/avr/5.4.0/../../../../avr/lib/avrxmega3\libm.a
LOAD c:/program files (x86)/atmel/studio/7.0/toolchain/avr8/avr8-gnu-toolchain/bin/../lib/gcc/avr/5.4.0/../../../../avr/lib/avrxmega3\libc.a
LOAD C:/Program Files (x86)/Atmel/Studio/7.0/Packs/atmel/ATmega_DFP/1.3.300/gcc/dev/atmega4808/avrxmega3\libatmega4808.a
END GROUP
                0x00000000                __TEXT_REGION_ORIGIN__ = DEFINED (__TEXT_REGION_ORIGIN__)?__TEXT_REGION_ORIGIN__:0x0
                0x00802000                __DATA_REGION_ORIGIN__ = DEFINED (__DATA_REGION_ORIGIN__)?__DATA_REGION_ORIGIN__:0x802000
                0x00100000                __TEXT_REGION_LENGTH__ = DEFINED (__TEXT_REGION_LENGTH__)?__TEXT_REGION_LENGTH__:0x100000
                0x0000ffa0                __DATA_REGION_LENGTH__ = DEFINED (__DATA_REGION_LENGTH__)?__DATA_REGION_LENGTH__:0xffa0
                0x00010000                __EEPROM_REGION_LENGTH__ = DEFINED (__EEPROM_REGION_LENGTH__)?__EEPROM_REGION_LENGTH__:0x10000
                [0x00000009]                __FUSE_REGION_LENGTH__ = DEFINED (__FUSE_REGION_LENGTH__)?__FUSE_REGION_LENGTH__:0x400
                0x00000400                __LOCK_REGION_LENGTH__ = DEFINED (__LOCK_REGION_LENGTH__)?__LOCK_REGION_LENGTH__:0x400
                0x00000400                __SIGNATURE_REGION_LENGTH__ = DEFINED (__SIGNATURE_REGION_LENGTH__)?__SIGNATURE_REGION_LENGTH__:0x400
                0x00000400                __USER_SIGNATURE_REGION_LENGTH__ = DEFINED (__USER_SIGNATURE_REGION_LENGTH__)?__USER_SIGNATURE_REGION_LENGTH__:0x400
                0x00008000                __RODATA_PM_OFFSET__ = DEFINED (__RODATA_PM_OFFSET__)?__RODATA_PM_OFFSET__:0x8000

.hash
 *(.hash)

.dynsym
 *(.dynsym)

.dynstr
 *(.dynstr)

.gnu.version
 *(.gnu.version)

.gnu.version_d
 *(.gnu.version_d)

.gnu.version_r
 *(.gnu.version_r)

.rel.init
 *(.rel.init)

.rela.init
 *(.rela.init)

.rel.text
 *(.rel.text)
 *(.rel.text.*)
 *(.rel.gnu.linkonce.t*)

.rela.text
 *(.rela.text)
 *(.rela.text.*)
 *(.rela.gnu.linkonce.t*)

.rel.fini
 *(.rel.fini)

.rela.fini
 *(.rela.fini)

.rel.rodata
 *(.rel.rodata)
 *(.rel.rodata.*)
 *(.rel.gnu.linkonce.r*)

.rela.rodata
 *(.rela.rodata)
 *(.rela.rodata.*)
 *(.rela.gnu.linkonce.r*)

.rel.data
 *(.rel.data)
 *(.rel.data.*)
 *(.rel.gnu.linkonce.d*)

.rela.data
 *(.rela.data)
 *(.rela.data.*)
 *(.rela.gnu.linkonce.d*)

.rel.ctors
 *(.rel.ctors)

.rela.ctors
 *(.rela.ctors)

.rel.dtors
 *(.rel.dtors)

.rela.dtors
 *(.rela.dtors)

.rel.got
 *(.rel.got)

.rela.got
 *(.rela.got)

.rel.bss
 *(.rel.bss)

.rela.bss
 *(.rela.bss)

.rel.plt
 *(.rel.plt)

.rela.plt
 *(.rela.plt)

.text           0x00000000      0x1fc
 *(.vectors)
 .vectors       0x00000000       0x90 C:/Program Files (x86)/Atmel/Studio/7.0/Packs/atmel/ATmega_DFP/1.3.300/gcc/dev/atmega4808/avrxmega3/crtatmega4808.o
                0x00000000                __vector_default
                0x00000000                __vectors
 *(.vectors)
 *(.progmem.gcc*)
                0x00000090                . = ALIGN (0x2)
                0x00000090                __trampolines_start = .
 *(.trampolines)
 .trampolines   0x00000090        0x0 linker stubs
 *(.trampolines*)
                0x00000090                __trampolines_end = .
 *libprintf_flt.a:*(.progmem.data)
 *libc.a:*(.progmem.data)
 *(.progmem*)
                0x00000090                . = ALIGN (0x2)
 *(.jumptables)
 *(.jumptables*)
 *(.lowtext)
 *(.lowtext*)
                0x00000090                __ctors_start = .
 *(.ctors)
                0x00000090                __ctors_end = .
                0x00000090                __dtors_start = .
 *(.dtors)
                0x00000090                __dtors_end = .
 SORT(*)(.ctors)
 SORT(*)(.dtors)
 *(.init0)
 .init0         0x00000090        0x0 C:/Program Files (x86)/Atmel/Studio/7.0/Packs/atmel/ATmega_DFP/1.3.300/gcc/dev/atmega4808/avrxmega3/crtatmega4808.o
                0x00000090                __init
 *(.init0)
 *(.init1)
 *(.init1)
 *(.init2)
 .init2         0x00000090        0xc C:/Program Files (x86)/Atmel/Studio/7.0/Packs/atmel/ATmega_DFP/1.3.300/gcc/dev/atmega4808/avrxmega3/crtatmega4808.o
 *(.init2)
 *(.init3)
 *(.init3)
 *(.init4)
 .init4         0x0000009c       0x10 c:/program files (x86)/atmel/studio/7.0/toolchain/avr8/avr8-gnu-toolchain/bin/../lib/gcc/avr/5.4.0/avrxmega3\libgcc.a(_clear_bss.o)
                0x0000009c                __do_clear_bss
 *(.init4)
 *(.init5)
 *(.init5)
 *(.init6)
 *(.init6)
 *(.init7)
 *(.init7)
 *(.init8)
 *(.init8)
 *(.init9)
 .init9         0x000000ac        0x8 C:/Program Files (x86)/Atmel/Studio/7.0/Packs/atmel/ATmega_DFP/1.3.300/gcc/dev/atmega4808/avrxmega3/crtatmega4808.o
 *(.init9)
 *(.text)
 .text          0x000000b4        0x4 C:/Program Files (x86)/Atmel/Studio/7.0/Packs/atmel/ATmega_DFP/1.3.300/gcc/dev/atmega4808/avrxmega3/crtatmega4808.o
                0x000000b4                __vector_22
                0x000000b4                __vector_28
                0x000000b4                __vector_1
                0x000000b4                __vector_32
                0x000000b4                __vector_34
                0x000000b4                __vector_24
                0x000000b4                __vector_12
                0x000000b4                __bad_interrupt
                0x000000b4                __vector_6
                0x000000b4                __vector_31
                0x000000b4                __vector_35
                0x000000b4                __vector_3
                0x000000b4                __vector_23
                0x000000b4                __vector_30
                0x000000b4                __vector_25
                0x000000b4                __vector_11
                0x000000b4                __vector_13
                0x000000b4                __vector_17
                0x000000b4                __vector_19
                0x000000b4                __vector_27
                0x000000b4                __vector_5
                0x000000b4                __vector_33
                0x000000b4                __vector_4
                0x000000b4                __vector_9
                0x000000b4                __vector_2
                0x000000b4                __vector_21
                0x000000b4                __vector_15
                0x000000b4                __vector_29
                0x000000b4                __vector_8
                0x000000b4                __vector_26
                0x000000b4                __vector_14
                0x000000b4                __vector_10
                0x000000b4                __vector_16
                0x000000b4                __vector_18
                0x000000b4                __vector_20
                0x000000b8                . = ALIGN (0x2)
 *(.text.*)
 .text.atmel_start_init
                0x000000b8        0x6 atmel_start.o
                0x000000b8                atmel_start_init
 .text.__vector_7
                0x000000be       0x24 driver_isr.o
                0x000000be                __vector_7
 .text.main     0x000000e2       0x10 main.o
                0x000000e2                main
 .text.BOD_init
                0x000000f2        0x4 src/bod.o
                0x000000f2                BOD_init
 .text.CLKCTRL_init
                0x000000f6       0x1c src/clkctrl.o
                0x000000f6                CLKCTRL_init
 .text.CPUINT_init
                0x00000112        0x6 src/cpuint.o
                0x00000112                CPUINT_init
 .text.mcu_init
                0x00000118       0x6e src/driver_init.o
                0x00000118                mcu_init
 .text.system_init
                0x00000186       0x22 src/driver_init.o
                0x00000186                system_init
 .text.protected_write_io
                0x000001a8        0x8 src/protected_io.o
                0x000001a8                protected_write_io
 .text.RTC_0_init
                0x000001b0       0x2c src/rtc.o
                0x000001b0                RTC_0_init
 .text.SLPCTRL_init
                0x000001dc        0x4 src/slpctrl.o
                0x000001dc                SLPCTRL_init
 .text.TIMER_0_init
                0x000001e0       0x18 src/tca.o
                0x000001e0                TIMER_0_init
                0x000001f8                . = ALIGN (0x2)
 *(.fini9)
 .fini9         0x000001f8        0x0 c:/program files (x86)/atmel/studio/7.0/toolchain/avr8/avr8-gnu-toolchain/bin/../lib/gcc/avr/5.4.0/avrxmega3\libgcc.a(_exit.o)
                0x000001f8                _exit
                0x000001f8                exit
 *(.fini9)
 *(.fini8)
 *(.fini8)
 *(.fini7)
 *(.fini7)
 *(.fini6)
 *(.fini6)
 *(.fini5)
 *(.fini5)
 *(.fini4)
 *(.fini4)
 *(.fini3)
 *(.fini3)
 *(.fini2)
 *(.fini2)
 *(.fini1)
 *(.fini1)
 *(.fini0)
 .fini0         0x000001f8        0x4 c:/program files (x86)/atmel/studio/7.0/toolchain/avr8/avr8-gnu-toolchain/bin/../lib/gcc/avr/5.4.0/avrxmega3\libgcc.a(_exit.o)
 *(.fini0)
                0x000001fc                _etext = .

.rodata
 *(.rodata)
 *(.rodata*)
 *(.gnu.linkonce.r*)

.data           0x00802800        0x0 load address 0x000001fc
                [!provide]                PROVIDE (__data_start, .)
 *(.data)
 *(.data*)
 *(.gnu.linkonce.d*)
                0x00802800                . = ALIGN (0x2)
                0x00802800                _edata = .
                [!provide]                PROVIDE (__data_end, .)

.bss            0x00802800        0x1
                0x00802800                PROVIDE (__bss_start, .)
 *(.bss)
 *(.bss*)
 .bss.test      0x00802800        0x1 main.o
                0x00802800                test
 *(COMMON)
                0x00802801                PROVIDE (__bss_end, .)
                0x000001fc                __data_load_start = LOADADDR (.data)
                0x000001fc                __data_load_end = (__data_load_start + SIZEOF (.data))

.noinit         0x00802801        0x0
                [!provide]                PROVIDE (__noinit_start, .)
 *(.noinit*)
                [!provide]                PROVIDE (__noinit_end, .)
                0x00802801                _end = .
                [!provide]                PROVIDE (__heap_start, .)

.eeprom         0x00810000        0x0
 *(.eeprom*)
                0x00810000                __eeprom_end = .

.fuse
 *(.fuse)
 *(.lfuse)
 *(.hfuse)
 *(.efuse)

.lock
 *(.lock*)

.signature
 *(.signature*)

.user_signatures
 *(.user_signatures*)

.stab
 *(.stab)

.stabstr
 *(.stabstr)

.stab.excl
 *(.stab.excl)

.stab.exclstr
 *(.stab.exclstr)

.stab.index
 *(.stab.index)

.stab.indexstr
 *(.stab.indexstr)

.comment        0x00000000       0x30
 *(.comment)
 .comment       0x00000000       0x30 atmel_start.o
                                 0x31 (size before relaxing)
 .comment       0x00000030       0x31 driver_isr.o
 .comment       0x00000030       0x31 main.o
 .comment       0x00000030       0x31 src/bod.o
 .comment       0x00000030       0x31 src/clkctrl.o
 .comment       0x00000030       0x31 src/cpuint.o
 .comment       0x00000030       0x31 src/driver_init.o
 .comment       0x00000030       0x31 src/rtc.o
 .comment       0x00000030       0x31 src/slpctrl.o
 .comment       0x00000030       0x31 src/tca.o

.note.gnu.avr.deviceinfo
                0x00000000       0x40
 .note.gnu.avr.deviceinfo
                0x00000000       0x40 C:/Program Files (x86)/Atmel/Studio/7.0/Packs/atmel/ATmega_DFP/1.3.300/gcc/dev/atmega4808/avrxmega3/crtatmega4808.o

.note.gnu.build-id
 *(.note.gnu.build-id)

.debug
 *(.debug)

.line
 *(.line)

.debug_srcinfo
 *(.debug_srcinfo)

.debug_sfnames
 *(.debug_sfnames)

.debug_aranges  0x00000000      0x178
 *(.debug_aranges)
 .debug_aranges
                0x00000000       0x20 atmel_start.o
 .debug_aranges
                0x00000020       0x20 driver_isr.o
 .debug_aranges
                0x00000040       0x20 main.o
 .debug_aranges
                0x00000060       0x20 src/bod.o
 .debug_aranges
                0x00000080       0x20 src/clkctrl.o
 .debug_aranges
                0x000000a0       0x20 src/cpuint.o
 .debug_aranges
                0x000000c0       0x30 src/driver_init.o
 .debug_aranges
                0x000000f0       0x20 src/protected_io.o
 .debug_aranges
                0x00000110       0x20 src/rtc.o
 .debug_aranges
                0x00000130       0x28 src/slpctrl.o
 .debug_aranges
                0x00000158       0x20 src/tca.o

.debug_pubnames
 *(.debug_pubnames)

.debug_info     0x00000000     0x4b00
 *(.debug_info .gnu.linkonce.wi.*)
 .debug_info    0x00000000     0x22af C:/Program Files (x86)/Atmel/Studio/7.0/Packs/atmel/ATmega_DFP/1.3.300/gcc/dev/atmega4808/avrxmega3/crtatmega4808.o
 .debug_info    0x000022af       0x9a atmel_start.o
 .debug_info    0x00002349      0xc29 driver_isr.o
 .debug_info    0x00002f72       0xc1 main.o
 .debug_info    0x00003033       0x8d src/bod.o
 .debug_info    0x000030c0      0x3ff src/clkctrl.o
 .debug_info    0x000034bf       0x8d src/cpuint.o
 .debug_info    0x0000354c      0x5a9 src/driver_init.o
 .debug_info    0x00003af5       0x7b src/protected_io.o
 .debug_info    0x00003b70      0x3da src/rtc.o
 .debug_info    0x00003f4a      0x136 src/slpctrl.o
 .debug_info    0x00004080      0xa80 src/tca.o

.debug_abbrev   0x00000000     0x28a3
 *(.debug_abbrev)
 .debug_abbrev  0x00000000     0x20d4 C:/Program Files (x86)/Atmel/Studio/7.0/Packs/atmel/ATmega_DFP/1.3.300/gcc/dev/atmega4808/avrxmega3/crtatmega4808.o
 .debug_abbrev  0x000020d4       0x63 atmel_start.o
 .debug_abbrev  0x00002137       0xe5 driver_isr.o
 .debug_abbrev  0x0000221c       0x8d main.o
 .debug_abbrev  0x000022a9       0x51 src/bod.o
 .debug_abbrev  0x000022fa      0x116 src/clkctrl.o
 .debug_abbrev  0x00002410       0x51 src/cpuint.o
 .debug_abbrev  0x00002461      0x1a6 src/driver_init.o
 .debug_abbrev  0x00002607       0x14 src/protected_io.o
 .debug_abbrev  0x0000261b       0xd4 src/rtc.o
 .debug_abbrev  0x000026ef       0xc4 src/slpctrl.o
 .debug_abbrev  0x000027b3       0xf0 src/tca.o

.debug_line     0x00000000      0xc4b
 *(.debug_line .debug_line.* .debug_line_end)
 .debug_line    0x00000000      0x16f C:/Program Files (x86)/Atmel/Studio/7.0/Packs/atmel/ATmega_DFP/1.3.300/gcc/dev/atmega4808/avrxmega3/crtatmega4808.o
 .debug_line    0x0000016f       0x60 atmel_start.o
 .debug_line    0x000001cf      0x113 driver_isr.o
 .debug_line    0x000002e2       0xbd main.o
 .debug_line    0x0000039f       0xa2 src/bod.o
 .debug_line    0x00000441      0x136 src/clkctrl.o
 .debug_line    0x00000577       0xab src/cpuint.o
 .debug_line    0x00000622      0x266 src/driver_init.o
 .debug_line    0x00000888       0x55 src/protected_io.o
 .debug_line    0x000008dd      0x13e src/rtc.o
 .debug_line    0x00000a1b      0x11c src/slpctrl.o
 .debug_line    0x00000b37      0x114 src/tca.o

.debug_frame    0x00000000      0x1a8
 *(.debug_frame)
 .debug_frame   0x00000000       0x24 atmel_start.o
 .debug_frame   0x00000024       0x34 driver_isr.o
 .debug_frame   0x00000058       0x24 main.o
 .debug_frame   0x0000007c       0x24 src/bod.o
 .debug_frame   0x000000a0       0x24 src/clkctrl.o
 .debug_frame   0x000000c4       0x24 src/cpuint.o
 .debug_frame   0x000000e8       0x44 src/driver_init.o
 .debug_frame   0x0000012c       0x24 src/rtc.o
 .debug_frame   0x00000150       0x34 src/slpctrl.o
 .debug_frame   0x00000184       0x24 src/tca.o

.debug_str      0x00000000     0x1c56
 *(.debug_str)
 .debug_str     0x00000000      0xed3 C:/Program Files (x86)/Atmel/Studio/7.0/Packs/atmel/ATmega_DFP/1.3.300/gcc/dev/atmega4808/avrxmega3/crtatmega4808.o
 .debug_str     0x00000ed3      0x15b atmel_start.o
                                0x18f (size before relaxing)
 .debug_str     0x0000102e      0x4be driver_isr.o
                                0x664 (size before relaxing)
 .debug_str     0x000014ec       0x16 main.o
                                0x18e (size before relaxing)
 .debug_str     0x00001502       0x16 src/bod.o
                                0x17c (size before relaxing)
 .debug_str     0x00001518      0x26e src/clkctrl.o
                                0x50c (size before relaxing)
 .debug_str     0x00001786       0x1c src/cpuint.o
                                0x182 (size before relaxing)
 .debug_str     0x000017a2       0xe4 src/driver_init.o
                                0x3d8 (size before relaxing)
 .debug_str     0x00001886      0x217 src/rtc.o
                                0x4a7 (size before relaxing)
 .debug_str     0x00001a9d       0xbe src/slpctrl.o
                                0x24b (size before relaxing)
 .debug_str     0x00001b5b       0xfb src/tca.o
                                0x6ac (size before relaxing)

.debug_loc      0x00000000      0x178
 *(.debug_loc)
 .debug_loc     0x00000000       0x3c driver_isr.o
 .debug_loc     0x0000003c       0x53 src/clkctrl.o
 .debug_loc     0x0000008f       0xc8 src/driver_init.o
 .debug_loc     0x00000157       0x21 src/slpctrl.o

.debug_macinfo
 *(.debug_macinfo)

.debug_weaknames
 *(.debug_weaknames)

.debug_funcnames
 *(.debug_funcnames)

.debug_typenames
 *(.debug_typenames)

.debug_varnames
 *(.debug_varnames)

.debug_pubtypes
 *(.debug_pubtypes)

.debug_ranges   0x00000000       0xb8
 *(.debug_ranges)
 .debug_ranges  0x00000000       0x10 atmel_start.o
 .debug_ranges  0x00000010       0x10 driver_isr.o
 .debug_ranges  0x00000020       0x10 main.o
 .debug_ranges  0x00000030       0x10 src/bod.o
 .debug_ranges  0x00000040       0x10 src/clkctrl.o
 .debug_ranges  0x00000050       0x10 src/cpuint.o
 .debug_ranges  0x00000060       0x20 src/driver_init.o
 .debug_ranges  0x00000080       0x10 src/rtc.o
 .debug_ranges  0x00000090       0x18 src/slpctrl.o
 .debug_ranges  0x000000a8       0x10 src/tca.o

.debug_macro
 *(.debug_macro)
OUTPUT(start_test.elf elf32-avr)
LOAD linker stubs
